Component: ARM Compiler 6.16 Tool: armlink [5dfeaa00]

==============================================================================

Section Cross References

    main.o(.text) refers to swm341_timr.o(.text) for TIMR_INTClr
    main.o(.text) refers to gt_hal_tick.o(.text) for gt_tick_inc
    main.o(.text) refers to memmovea.o(.text) for __aeabi_memcpy4
    main.o(.text) refers to bsp_lcd_rgb.o(.data._LCD_Buffer) for _LCD_Buffer
    main.o(.text) refers to gt911.o(.text) for GT911_Scan
    main.o(.text) refers to dev_touch.o(.bss.TP_Dev) for TP_Dev
    main.o(.text) refers to system_swm341.o(.text) for SystemInit
    main.o(.text) refers to bsp_uart.o(.text) for bsp_uart0_init
    main.o(.text) refers to bsp_lcd_rgb.o(.text) for bsp_lcd_rgb_init
    main.o(.text) refers to dev_systick.o(.text) for systick_init
    main.o(.text) refers to swm341_sfc.o(.text) for SFC_QuadSwitch
    main.o(.text) refers to bsp_sfc.o(.text) for bsp_sfc_config
    main.o(.text) refers to system_swm341.o(.data..L_MergedGlobals) for CyclesPerUs
    main.o(.text) refers to gt_handler.o(.text) for gt_init
    main.o(.text) refers to memseta.o(.text) for __aeabi_memclr8
    main.o(.text) refers to gt_gui_driver.o(.text) for GT_Font_Init
    main.o(.text) refers to gt_ui.o(.text) for gt_ui_init
    main.o(.text) refers to puts.o(i.puts) for puts
    main.o(.text) refers to bsp_uart.o(.bss..L_MergedGlobals) for uart_status
    main.o(.text) refers to gt_init_screen_home.o(.bss.update_sreen_status) for update_sreen_status
    main.o(.text) refers to main.o(.rodata.str1.1) for .L.str.1
    main.o(.text) refers to gt_init_screen_home.o(.text) for Refresh_New_Page
    main.o(.text) refers to printfa.o(i.__0printf) for __2printf
    main.o(.ARM.exidx) refers to main.o(.text) for [Anonymous Symbol]
    bsp_lcd_rgb.o(.text) refers to bsp_lcd_rgb.o(.data._LCD_Buffer) for _LCD_Buffer
    bsp_lcd_rgb.o(.text) refers to swm341_lcd.o(.text) for LCD_Init
    bsp_lcd_rgb.o(.text) refers to swm341_port.o(.text) for PORT_Init
    bsp_lcd_rgb.o(.text) refers to swm341_sdram.o(.text) for SDRAM_Init
    bsp_lcd_rgb.o(.text) refers to swm341_gpio.o(.text) for GPIO_Init
    bsp_lcd_rgb.o(.text) refers to bsp_lcd_rgb.o(.bss.POINT_COLOR) for POINT_COLOR
    bsp_lcd_rgb.o(.ARM.exidx) refers to bsp_lcd_rgb.o(.text) for [Anonymous Symbol]
    bsp_led.o(.text) refers to swm341_gpio.o(.text) for GPIO_SetBit
    bsp_led.o(.ARM.exidx) refers to bsp_led.o(.text) for [Anonymous Symbol]
    bsp_sfc.o(.text) refers to swm341_port.o(.text) for PORT_Init
    bsp_sfc.o(.text) refers to swm341_sfc.o(.text) for SFC_Init
    bsp_sfc.o(.text) refers to memmovea.o(.text) for __aeabi_memcpy4
    bsp_sfc.o(.text) refers to bsp_sfc.o(.rodata.str1.1) for .Lstr
    bsp_sfc.o(.text) refers to puts.o(i.puts) for puts
    bsp_sfc.o(.text) refers to swm341_gpio.o(.text) for GPIO_Init
    bsp_sfc.o(.ARM.exidx) refers to bsp_sfc.o(.text) for [Anonymous Symbol]
    bsp_uart.o(.text) refers to swm341_uart.o(.text) for UART_WriteByte
    bsp_uart.o(.text) refers to swm341_port.o(.text) for PORT_Init
    bsp_uart.o(.text) refers to bsp_uart.o(.bss..L_MergedGlobals) for .L_MergedGlobals
    bsp_uart.o(.text) refers to swm341_wdt.o(.text) for WDT_Init
    bsp_uart.o(.ARM.exidx) refers to bsp_uart.o(.text) for [Anonymous Symbol]
    dev_dac.o(.text) refers to swm341_port.o(.text) for PORT_Init
    dev_dac.o(.text) refers to swm341_dac.o(.text) for DAC_Init
    dev_dac.o(.text) refers to swm341_dma.o(.text) for DMA_CH_Init
    dev_dac.o(.text) refers to swm341_timr.o(.text) for TIMR_Stop
    dev_dac.o(.ARM.exidx) refers to dev_dac.o(.text) for [Anonymous Symbol]
    dev_sdio.o(.text) refers to swm341_port.o(.text) for PORT_Init
    dev_sdio.o(.text) refers to swm341_sdio.o(.text) for SDIO_Init
    dev_sdio.o(.ARM.exidx) refers to dev_sdio.o(.text) for [Anonymous Symbol]
    dev_sdram.o(.text) refers to swm341_port.o(.text) for PORT_Init
    dev_sdram.o(.text) refers to swm341_sdram.o(.text) for SDRAM_Init
    dev_sdram.o(.ARM.exidx) refers to dev_sdram.o(.text) for [Anonymous Symbol]
    dev_systick.o(.text) refers to system_swm341.o(.data..L_MergedGlobals) for SystemCoreClock
    dev_systick.o(.text) refers to dev_systick.o(.bss.Systick_Time) for Systick_Time
    dev_systick.o(.ARM.exidx) refers to dev_systick.o(.text) for [Anonymous Symbol]
    dev_touch.o(.text) refers to swm341_exti.o(.text) for EXTI_State
    dev_touch.o(.text) refers to dev_touch.o(.bss.Boot_Video_Flag) for Boot_Video_Flag
    dev_touch.o(.text) refers to swm341_gpio.o(.text) for GPIO_Init
    dev_touch.o(.ARM.exidx) refers to dev_touch.o(.text) for [Anonymous Symbol]
    gt911.o(.text) refers to swm341_i2c.o(.text) for I2C_Start
    gt911.o(.text) refers to dev_systick.o(.text) for swm_delay_ms
    gt911.o(.text) refers to swm341_port.o(.text) for PORT_Init
    gt911.o(.text) refers to swm341_gpio.o(.text) for GPIO_Init
    gt911.o(.text) refers to printfa.o(i.__0printf) for __2printf
[...]
    gt_obj_get_x                             0x0002ceb9   Thumb Code    72  gt_style.o(.text)
    gt_obj_get_y                             0x0002cf11   Thumb Code    72  gt_style.o(.text)
    gt_obj_get_w                             0x0002cf69   Thumb Code    64  gt_style.o(.text)
    gt_obj_get_h                             0x0002cfb9   Thumb Code    64  gt_style.o(.text)
    gt_obj_set_visible                       0x0002d009   Thumb Code   106  gt_style.o(.text)
    gt_obj_get_visible                       0x0002d075   Thumb Code    72  gt_style.o(.text)
    gt_obj_set_disabled                      0x0002d0d1   Thumb Code   126  gt_style.o(.text)
    gt_obj_is_disabled                       0x0002d151   Thumb Code    76  gt_style.o(.text)
    gt_obj_set_focus                         0x0002d1b1   Thumb Code   102  gt_style.o(.text)
    gt_obj_is_focus                          0x0002d219   Thumb Code    76  gt_style.o(.text)
    gt_obj_set_focus_disabled                0x0002d275   Thumb Code   116  gt_style.o(.text)
    gt_obj_is_focus_disabled                 0x0002d2e9   Thumb Code    76  gt_style.o(.text)
    gt_obj_child_set_prop                    0x0002d351   Thumb Code   868  gt_style.o(.text)
    gt_obj_set_fixed                         0x0002d6cd   Thumb Code    86  gt_style.o(.text)
    gt_obj_set_overflow                      0x0002d725   Thumb Code    86  gt_style.o(.text)
    gt_obj_set_inside                        0x0002d77d   Thumb Code    86  gt_style.o(.text)
    gt_obj_set_untouchability                0x0002d7d5   Thumb Code    86  gt_style.o(.text)
    gt_obj_set_state                         0x0002d82d   Thumb Code    80  gt_style.o(.text)
    gt_obj_get_state                         0x0002d891   Thumb Code    76  gt_style.o(.text)
    gt_obj_get_fixed                         0x0002d8f1   Thumb Code    76  gt_style.o(.text)
    gt_obj_get_overflow                      0x0002d951   Thumb Code    76  gt_style.o(.text)
    gt_obj_get_inside                        0x0002d9b1   Thumb Code    76  gt_style.o(.text)
    gt_obj_set_septal_line                   0x0002da11   Thumb Code    80  gt_style.o(.text)
    gt_obj_get_septal_line                   0x0002da79   Thumb Code    80  gt_style.o(.text)
    gt_obj_set_mask_effect                   0x0002dae1   Thumb Code    76  gt_style.o(.text)
    gt_obj_get_mask_effect                   0x0002db45   Thumb Code    76  gt_style.o(.text)
    gt_obj_set_touch_parent                  0x0002dba9   Thumb Code    80  gt_style.o(.text)
    gt_obj_get_touch_parent                  0x0002dc11   Thumb Code    76  gt_style.o(.text)
    gt_obj_set_trigger_mode                  0x0002dc75   Thumb Code    84  gt_style.o(.text)
    gt_obj_get_trigger_mode                  0x0002dce1   Thumb Code    76  gt_style.o(.text)
    gt_obj_set_virtual                       0x0002dd45   Thumb Code    80  gt_style.o(.text)
    gt_obj_set_scroll_dir                    0x0002dda9   Thumb Code    92  gt_style.o(.text)
    gt_obj_get_scroll_dir                    0x0002de1d   Thumb Code    10  gt_style.o(.text)
    gt_obj_is_scroll_dir                     0x0002de29   Thumb Code    18  gt_style.o(.text)
    gt_obj_set_scroll_lr                     0x0002de3d   Thumb Code    18  gt_style.o(.text)
    gt_obj_is_scroll_left                    0x0002de51   Thumb Code    16  gt_style.o(.text)
    gt_obj_is_scroll_right                   0x0002de61   Thumb Code    10  gt_style.o(.text)
    gt_obj_set_scroll_ud                     0x0002de6d   Thumb Code    18  gt_style.o(.text)
    gt_obj_is_scroll_up                      0x0002de81   Thumb Code    16  gt_style.o(.text)
    gt_obj_is_scroll_down                    0x0002de91   Thumb Code    10  gt_style.o(.text)
    gt_obj_set_scroll_snap_x                 0x0002de9d   Thumb Code    18  gt_style.o(.text)
    gt_obj_set_scroll_snap_y                 0x0002deb1   Thumb Code    20  gt_style.o(.text)
    gt_obj_get_scroll_snap_x                 0x0002dec5   Thumb Code     8  gt_style.o(.text)
    gt_obj_get_scroll_snap_y                 0x0002decd   Thumb Code    10  gt_style.o(.text)
    gt_obj_set_bubble_notify                 0x0002ded9   Thumb Code    80  gt_style.o(.text)
    gt_obj_is_bubble_notify                  0x0002df45   Thumb Code    76  gt_style.o(.text)
    gt_obj_is_untouchability                 0x0002dfa9   Thumb Code    10  gt_style.o(.text)
    gt_obj_set_reduce                        0x0002dfb5   Thumb Code    68  gt_style.o(.text)
    gt_obj_get_reduce                        0x0002e00d   Thumb Code    72  gt_style.o(.text)
    gt_obj_set_radius                        0x0002e069   Thumb Code    64  gt_style.o(.text)
    gt_obj_get_radius                        0x0002e0bd   Thumb Code    68  gt_style.o(.text)
    gt_obj_set_row_layout                    0x0002e115   Thumb Code   132  gt_style.o(.text)
    gt_obj_set_grow_invert                   0x0002e1b1   Thumb Code    96  gt_style.o(.text)
    _gt_timer_core_init                      0x0002e229   Thumb Code    18  gt_timer.o(.text)
    _gt_timer_create                         0x0002e23d   Thumb Code   144  gt_timer.o(.text)
    _gt_timer_set_callback                   0x0002e2ed   Thumb Code    64  gt_timer.o(.text)
    _gt_timer_del                            0x0002e345   Thumb Code    92  gt_timer.o(.text)
    _gt_timer_set_paused                     0x0002e3b1   Thumb Code   108  gt_timer.o(.text)
    _gt_timer_set_repeat_count               0x0002e435   Thumb Code    72  gt_timer.o(.text)
    _gt_timer_set_user_data                  0x0002e499   Thumb Code    64  gt_timer.o(.text)
    _gt_timer_handler                        0x0002e4f1   Thumb Code   152  gt_timer.o(.text)
    _gt_timer_get_laster_timer               0x0002e589   Thumb Code    12  gt_timer.o(.text)
    _gt_timer_get_repeat_count               0x0002e595   Thumb Code    68  gt_timer.o(.text)
    _gt_timer_set_period                     0x0002e5f5   Thumb Code    64  gt_timer.o(.text)
    _gt_timer_get_period                     0x0002e64d   Thumb Code    64  gt_timer.o(.text)
    _gt_timer_get_paused                     0x0002e6a5   Thumb Code    68  gt_timer.o(.text)
    _gt_timer_get_user_data                  0x0002e701   Thumb Code    64  gt_timer.o(.text)
    _gt_extra_init                           0x0002e759   Thumb Code    14  gt_extra.o(.text)
    gt_draw_blend                            0x0002e769   Thumb Code   504  gt_draw_blend.o(.text)
    gt_draw_blend_text                       0x0002e961   Thumb Code  1448  gt_draw_blend.o(.text)
    gt_draw_blend_with_rgb565_opacity        0x0002ef09   Thumb Code  2386  gt_draw_blend_with_rgb565.o(.text)
    gt_draw_blend_with_rgb565_no_opacity     0x0002f85d   Thumb Code  1770  gt_draw_blend_with_rgb565.o(.text)
    gt_sjpg_init                             0x0002ff49   Thumb Code    72  gt_sjpg.o(.text)
    jd_prepare                               0x00030629   Thumb Code  4262  tjpgd.o(.text)
    jd_decomp                                0x000316d1   Thumb Code  6810  tjpgd.o(.text)
    gt_png_init                              0x00033861   Thumb Code    72  gt_png.o(.text)
    lodepng_load_file                        0x00033d4d   Thumb Code   194  lodepng.o(.text)
    lodepng_save_file                        0x00033e11   Thumb Code    54  lodepng.o(.text)
    lodepng_inflate                          0x00033e49   Thumb Code    44  lodepng.o(.text)
    lodepng_zlib_decompress                  0x000352b9   Thumb Code    44  lodepng.o(.text)
    lodepng_decompress_settings_init         0x00035465   Thumb Code    16  lodepng.o(.text)
    lodepng_crc32                            0x00035475   Thumb Code   200  lodepng.o(.text)
    lodepng_chunk_length                     0x0003553d   Thumb Code     6  lodepng.o(.text)
    lodepng_chunk_type                       0x00035545   Thumb Code    22  lodepng.o(.text)
    lodepng_chunk_type_equals                0x0003555d   Thumb Code   120  lodepng.o(.text)
    lodepng_chunk_ancillary                  0x000355d5   Thumb Code     8  lodepng.o(.text)
    lodepng_chunk_private                    0x000355dd   Thumb Code     8  lodepng.o(.text)
    lodepng_chunk_safetocopy                 0x000355e5   Thumb Code     8  lodepng.o(.text)
    lodepng_chunk_data                       0x000355ed   Thumb Code     4  lodepng.o(.text)
    lodepng_chunk_data_const                 0x000355f1   Thumb Code     4  lodepng.o(.text)
    lodepng_chunk_check_crc                  0x000355f5   Thumb Code   258  lodepng.o(.text)
    lodepng_chunk_generate_crc               0x000356f9   Thumb Code   234  lodepng.o(.text)
    lodepng_chunk_next                       0x000357e5   Thumb Code   116  lodepng.o(.text)
    lodepng_chunk_next_const                 0x00035859   Thumb Code   116  lodepng.o(.text)
    lodepng_chunk_find                       0x000358cd   Thumb Code   274  lodepng.o(.text)
    lodepng_chunk_find_const                 0x000359e1   Thumb Code   274  lodepng.o(.text)
    lodepng_chunk_append                     0x00035af5   Thumb Code   250  lodepng.o(.text)
    lodepng_chunk_create                     0x00035bf1   Thumb Code   470  lodepng.o(.text)
    lodepng_color_mode_init                  0x00035dc9   Thumb Code    24  lodepng.o(.text)
    lodepng_color_mode_cleanup               0x00035de1   Thumb Code    30  lodepng.o(.text)
    lodepng_palette_clear                    0x00035e01   Thumb Code    30  lodepng.o(.text)
    lodepng_color_mode_copy                  0x00035e21   Thumb Code   100  lodepng.o(.text)
    lodepng_color_mode_make                  0x00035e85   Thumb Code    20  lodepng.o(.text)
    lodepng_palette_add                      0x00035e99   Thumb Code   328  lodepng.o(.text)
    lodepng_get_bpp                          0x00035fe1   Thumb Code    40  lodepng.o(.text)
    lodepng_get_channels                     0x00036009   Thumb Code    30  lodepng.o(.text)
    lodepng_is_greyscale_type                0x00036029   Thumb Code    14  lodepng.o(.text)
    lodepng_is_alpha_type                    0x00036039   Thumb Code     8  lodepng.o(.text)
    lodepng_is_palette_type                  0x00036041   Thumb Code    12  lodepng.o(.text)
    lodepng_has_palette_alpha                0x0003604d   Thumb Code   112  lodepng.o(.text)
    lodepng_can_have_alpha                   0x000360bd   Thumb Code   116  lodepng.o(.text)
    lodepng_get_raw_size                     0x00036131   Thumb Code    64  lodepng.o(.text)
    lodepng_add_text                         0x00036171   Thumb Code    90  lodepng.o(.text)
    lodepng_clear_text                       0x00036305   Thumb Code     2  lodepng.o(.text)
    lodepng_clear_itext                      0x00036385   Thumb Code     2  lodepng.o(.text)
    lodepng_add_itext                        0x00036451   Thumb Code    80  lodepng.o(.text)
    lodepng_set_icc                          0x000366fd   Thumb Code   228  lodepng.o(.text)
    lodepng_clear_icc                        0x000367e1   Thumb Code    60  lodepng.o(.text)
    lodepng_info_init                        0x0003681d   Thumb Code    78  lodepng.o(.text)
    lodepng_info_cleanup                     0x0003686d   Thumb Code   166  lodepng.o(.text)
    lodepng_info_copy                        0x00036915   Thumb Code  1130  lodepng.o(.text)
    lodepng_convert                          0x00036d81   Thumb Code 10264  lodepng.o(.text)
    lodepng_convert_rgb                      0x00039749   Thumb Code   314  lodepng.o(.text)
    lodepng_inspect                          0x00039885   Thumb Code   734  lodepng.o(.text)
    lodepng_inspect_chunk                    0x00039b65   Thumb Code  1310  lodepng.o(.text)
    lodepng_decode                           0x0003abf1   Thumb Code  7068  lodepng.o(.text)
    lodepng_decode_memory                    0x0003c78d   Thumb Code   198  lodepng.o(.text)
    lodepng_state_init                       0x0003c855   Thumb Code   130  lodepng.o(.text)
    lodepng_state_cleanup                    0x0003c8d9   Thumb Code    40  lodepng.o(.text)
    lodepng_decode32                         0x0003c901   Thumb Code    30  lodepng.o(.text)
    lodepng_decode24                         0x0003c921   Thumb Code    30  lodepng.o(.text)
    lodepng_decode_file                      0x0003c941   Thumb Code    96  lodepng.o(.text)
    lodepng_decode32_file                    0x0003c9a1   Thumb Code    96  lodepng.o(.text)
    lodepng_decode24_file                    0x0003ca01   Thumb Code    96  lodepng.o(.text)
    lodepng_decoder_settings_init            0x0003ca61   Thumb Code    28  lodepng.o(.text)
    lodepng_state_copy                       0x0003ca7d   Thumb Code   256  lodepng.o(.text)
    lodepng_error_text                       0x0003cb7d   Thumb Code    28  lodepng.o(.text)
    gt_font_info_init                        0x0003e8f1   Thumb Code    44  gt_font.o(.text)
    gt_project_encoding_get                  0x0003e91d   Thumb Code    12  gt_font.o(.text)
    gt_font_info_update_font_thick           0x0003e929   Thumb Code    26  gt_font.o(.text)
    _gt_gb_font_one_char_code_len_get        0x0003e945   Thumb Code   124  gt_font.o(.text)
    gt_unicode_to_utf8                       0x0003e9c1   Thumb Code   248  gt_font.o(.text)
    _gt_utf8_to_unicode                      0x0003eab9   Thumb Code   124  gt_font.o(.text)
    _gt_font_get_type_group_offset_y         0x0003eb35   Thumb Code     4  gt_font.o(.text)
    gt_font_one_char_code_len_get            0x0003eb39   Thumb Code   162  gt_font.o(.text)
    gt_encoding_table_one_char               0x0003ebdd   Thumb Code   444  gt_font.o(.text)
    gt_utf8_check_char                       0x0003ed99   Thumb Code   110  gt_font.o(.text)
    gt_gb_check_char                         0x0003ee09   Thumb Code    98  gt_font.o(.text)
    _gt_is_style_cn_or_en                    0x0003ee6d   Thumb Code   146  gt_font.o(.text)
    _gt_font_is_convertor_language           0x0003ef01   Thumb Code    18  gt_font.o(.text)
    _gt_font_is_convertor_by                 0x0003ef15   Thumb Code   114  gt_font.o(.text)
    gt_font_get_dot                          0x0003ef89   Thumb Code   380  gt_font.o(.text)
    gt_font_get_string_dot                   0x0003f105   Thumb Code   478  gt_font.o(.text)
    gt_font_type_get                         0x0003f2e5   Thumb Code     4  gt_font.o(.text)
    gt_font_code_transform                   0x0003f2e9   Thumb Code    46  gt_font.o(.text)
    gt_font_convertor_data_get               0x0003f319   Thumb Code     4  gt_font.o(.text)
    gt_font_get_size_length_by_style         0x0003f31d   Thumb Code   256  gt_font.o(.text)
    gt_font_get_string_width                 0x0003f41d   Thumb Code    58  gt_font.o(.text)
    gt_font_get_one_word_width               0x0003f459   Thumb Code   444  gt_font.o(.text)
    gt_font_get_longest_line_substring_width 0x0003f615   Thumb Code   282  gt_font.o(.text)
    gt_font_get_word_width_figure_up         0x0003f731   Thumb Code   314  gt_font.o(.text)
    gt_project_encoding_set                  0x0003f86d   Thumb Code    12  gt_font.o(.text)
    gt_font_split                            0x0003f879   Thumb Code  2604  gt_font.o(.text)
    gt_font_split_line_numb                  0x000402a5   Thumb Code   316  gt_font.o(.text)
    right_to_left_lan_get                    0x000403e1   Thumb Code   144  gt_font.o(.text)
    gt_right_to_left_handler                 0x00040471   Thumb Code  1760  gt_font.o(.text)
    gt_py_input_method_create                0x00040dbd   Thumb Code     4  gt_font.o(.text)
    gt_py_input_method_push_ascii            0x00040dc1   Thumb Code     2  gt_font.o(.text)
    gt_py_input_method_pop_ascii             0x00040dc5   Thumb Code     2  gt_font.o(.text)
    gt_py_input_method_get_ascii_numb        0x00040dc9   Thumb Code     4  gt_font.o(.text)
    gt_py_input_method_get_chinese           0x00040dcd   Thumb Code     4  gt_font.o(.text)
    gt_py_input_method_chinese_data_handler  0x00040dd1   Thumb Code     2  gt_font.o(.text)
    gt_py_input_method_last_page             0x00040dd5   Thumb Code     2  gt_font.o(.text)
    gt_py_input_method_next_page             0x00040dd9   Thumb Code     2  gt_font.o(.text)
    gt_py_input_method_select_text           0x00040ddd   Thumb Code     2  gt_font.o(.text)
    gt_py_input_method_clean                 0x00040de1   Thumb Code     2  gt_font.o(.text)
    gt_symbol_is_valid_range                 0x00040de5   Thumb Code    30  gt_symbol.o(.text)
    gt_symbol_get_mask_buf                   0x00040e05   Thumb Code   106  gt_symbol.o(.text)
    gt_disp_drv_init                         0x00040e71   Thumb Code    12  gt_hal_disp.o(.text)
    gt_disp_drv_register                     0x00040e7d   Thumb Code   200  gt_hal_disp.o(.text)
    gt_disp_get_default                      0x00040fd1   Thumb Code     4  gt_hal_disp.o(.text)
    gt_disp_get_res_hor                      0x00040fd5   Thumb Code    36  gt_hal_disp.o(.text)
    gt_disp_get_res_ver                      0x00040ff9   Thumb Code    36  gt_hal_disp.o(.text)
    gt_disp_graph_buf_init                   0x0004101d   Thumb Code    12  gt_hal_disp.o(.text)
    gt_disp_graph_get_buf_default            0x00041029   Thumb Code    12  gt_hal_disp.o(.text)
    gt_disp_graph_get_buf_backup             0x00041035   Thumb Code     4  gt_hal_disp.o(.text)
    _gt_disp_refr_area_push                  0x00041039   Thumb Code    20  gt_hal_disp.o(.text)
    _gt_disp_refr_area_pop                   0x0004104d   Thumb Code    28  gt_hal_disp.o(.text)
    _gt_disp_refr_reset_areas                0x00041069   Thumb Code    40  gt_hal_disp.o(.text)
    _gt_disp_refr_append_area                0x00041091   Thumb Code   200  gt_hal_disp.o(.text)
    _gt_disp_refr_check                      0x00041159   Thumb Code    16  gt_hal_disp.o(.text)
    _gt_disp_refr_get_area                   0x00041169   Thumb Code   114  gt_hal_disp.o(.text)
    _gt_disp_update_max_area                 0x000411dd   Thumb Code   132  gt_hal_disp.o(.text)
    _gt_disp_reload_max_area                 0x00041261   Thumb Code   184  gt_hal_disp.o(.text)
    _gt_disp_hided_layer_top_widgets         0x00041501   Thumb Code   108  gt_hal_disp.o(.text)
    _gt_hal_fp_init                          0x00041595   Thumb Code    64  gt_hal_fs.o(.text)
    gt_indev_drv_init                        0x00041639   Thumb Code    36  gt_hal_indev.o(.text)
    gt_indev_drv_register                    0x0004165d   Thumb Code   112  gt_hal_indev.o(.text)
    gt_indev_set_default                     0x000416f5   Thumb Code    12  gt_hal_indev.o(.text)
    gt_indev_get_default                     0x00041701   Thumb Code    12  gt_hal_indev.o(.text)
    gt_indev_get_dev_by_idx                  0x0004170d   Thumb Code    24  gt_hal_indev.o(.text)
    gt_indev_get_dev_count                   0x00041725   Thumb Code    12  gt_hal_indev.o(.text)
    gt_src_init                              0x00041731   Thumb Code   118  gt_hal_src.o(.text)
    gt_src_get_drv                           0x000417a9   Thumb Code    12  gt_hal_src.o(.text)
    gt_tick_inc                              0x00041951   Thumb Code    20  gt_hal_tick.o(.text)
    gt_tick_get                              0x00041965   Thumb Code    48  gt_hal_tick.o(.text)
    gt_tick_elapse                           0x00041995   Thumb Code    48  gt_hal_tick.o(.text)
    gt_vf_init                               0x000419c5   Thumb Code   136  gt_hal_vf.o(.text)
    gt_vf_drv_register                       0x00041a4d   Thumb Code    34  gt_hal_vf.o(.text)
    gt_vf_get_drv                            0x00041a71   Thumb Code    12  gt_hal_vf.o(.text)
    gt_anim_speed_to_time                    0x00041cdd   Thumb Code    30  gt_anim.o(.text)
    gt_anim_get_data                         0x00041cfd   Thumb Code    14  gt_anim.o(.text)
    gt_anim_param_init                       0x00041d0d   Thumb Code    16  gt_anim.o(.text)
    gt_anim_pos_move                         0x00041d1d   Thumb Code   192  gt_anim.o(.text)
    gt_anim_init                             0x00041ddd   Thumb Code    56  gt_anim.o(.text)
    gt_anim_set_path_type                    0x00041e15   Thumb Code    40  gt_anim.o(.text)
    gt_anim_start                            0x00041e85   Thumb Code   340  gt_anim.o(.text)
    _gt_anim_core_init                       0x0004202d   Thumb Code    64  gt_anim.o(.text)
    gt_anim_restart                          0x00042249   Thumb Code    22  gt_anim.o(.text)
    gt_anim_del                              0x00042261   Thumb Code   176  gt_anim.o(.text)
    gt_anim_del_by                           0x00042311   Thumb Code   152  gt_anim.o(.text)
    gt_anim_del_all                          0x000423a9   Thumb Code   152  gt_anim.o(.text)
    gt_area_is_intersect_screen              0x00042651   Thumb Code    88  gt_area.o(.text)
    gt_area_intersect_screen                 0x000426a9   Thumb Code   204  gt_area.o(.text)
    gt_area_cover_screen                     0x00042775   Thumb Code   192  gt_area.o(.text)
    gt_area_is_on                            0x00042835   Thumb Code    66  gt_area.o(.text)
    gt_area_join                             0x00042879   Thumb Code    96  gt_area.o(.text)
    gt_area_check_legal                      0x000428d9   Thumb Code    34  gt_area.o(.text)
    gt_color_fill                            0x000428fd   Thumb Code   112  gt_color.o(.text)
    gt_color_focus                           0x0004296d   Thumb Code    40  gt_color.o(.text)
    gt_color_focus_set                       0x00042995   Thumb Code    12  gt_color.o(.text)
    _gt_gc_get_disp                          0x000429a1   Thumb Code    12  gt_gc.o(.text)
    _gt_gc_set_disp                          0x000429ad   Thumb Code    12  gt_gc.o(.text)
    _gt_gc_get_scr_info                      0x000429b9   Thumb Code    12  gt_gc.o(.text)
    _gt_gc_get_size                          0x000429c5   Thumb Code     4  gt_gc.o(.text)
    gt_sin                                   0x000429c9   Thumb Code   100  gt_math.o(.text)
    gt_cos                                   0x00042a2d   Thumb Code   104  gt_math.o(.text)
    gt_square                                0x00042a95   Thumb Code    12  gt_math.o(.text)
    gt_abs                                   0x00042aa1   Thumb Code     8  gt_math.o(.text)
    gt_per_255                               0x00042aa9   Thumb Code    14  gt_math.o(.text)
    gt_map                                   0x00042ab9   Thumb Code    60  gt_math.o(.text)
    gt_bezier3                               0x00042af5   Thumb Code    82  gt_math.o(.text)
    gt_tlsf_check                            0x00042b49   Thumb Code   488  gt_tlsf.o(.text)
    gt_tlsf_walk_pool                        0x00042d31   Thumb Code    72  gt_tlsf.o(.text)
    gt_tlsf_block_size                       0x00042dc9   Thumb Code    16  gt_tlsf.o(.text)
    gt_tlsf_check_pool                       0x00042dd9   Thumb Code    52  gt_tlsf.o(.text)
    gt_tlsf_size                             0x00042e0d   Thumb Code     6  gt_tlsf.o(.text)
    gt_tlsf_align_size                       0x00042e15   Thumb Code     4  gt_tlsf.o(.text)
    gt_tlsf_block_size_min                   0x00042e19   Thumb Code     4  gt_tlsf.o(.text)
    gt_tlsf_block_size_max                   0x00042e1d   Thumb Code     6  gt_tlsf.o(.text)
    gt_tlsf_pool_overhead                    0x00042e25   Thumb Code     4  gt_tlsf.o(.text)
    gt_tlsf_alloc_overhead                   0x00042e29   Thumb Code     4  gt_tlsf.o(.text)
    gt_tlsf_add_pool                         0x00042e2d   Thumb Code   206  gt_tlsf.o(.text)
    gt_tlsf_remove_pool                      0x00042efd   Thumb Code   110  gt_tlsf.o(.text)
    gt_tlsf_create                           0x00042f6d   Thumb Code   184  gt_tlsf.o(.text)
    gt_tlsf_create_with_pool                 0x0004305d   Thumb Code   200  gt_tlsf.o(.text)
    gt_tlsf_destroy                          0x00043125   Thumb Code     2  gt_tlsf.o(.text)
    gt_tlsf_get_pool                         0x00043129   Thumb Code     6  gt_tlsf.o(.text)
    gt_tlsf_malloc                           0x00043131   Thumb Code    52  gt_tlsf.o(.text)
    gt_tlsf_memalign                         0x00043335   Thumb Code   348  gt_tlsf.o(.text)
    gt_tlsf_free                             0x00043491   Thumb Code   400  gt_tlsf.o(.text)
    gt_tlsf_realloc                          0x00043621   Thumb Code   684  gt_tlsf.o(.text)
    gt_stack_create                          0x000438cd   Thumb Code   102  gt_stack.o(.text)
    gt_stack_cycle_create                    0x00043935   Thumb Code   114  gt_stack.o(.text)
    gt_stack_push                            0x000439a9   Thumb Code   154  gt_stack.o(.text)
    gt_stack_pop                             0x00043a45   Thumb Code    82  gt_stack.o(.text)
    gt_stack_peek                            0x00043a99   Thumb Code    56  gt_stack.o(.text)
    gt_stack_peek_by                         0x00043ad1   Thumb Code    64  gt_stack.o(.text)
    gt_stack_is_empty                        0x00043b11   Thumb Code    16  gt_stack.o(.text)
    gt_stack_is_full                         0x00043b21   Thumb Code    22  gt_stack.o(.text)
    gt_stack_clear                           0x00043b39   Thumb Code    38  gt_stack.o(.text)
    gt_stack_get_depth                       0x00043b61   Thumb Code    12  gt_stack.o(.text)
    gt_stack_get_count                       0x00043b6d   Thumb Code    12  gt_stack.o(.text)
    gt_stack_get_item_size                   0x00043b79   Thumb Code    10  gt_stack.o(.text)
    gt_stack_is_cycle                        0x00043b85   Thumb Code    14  gt_stack.o(.text)
    gt_stack_search_item_from_top            0x00043b95   Thumb Code   120  gt_stack.o(.text)
    gt_stack_search_item_from_bottom         0x00043c0d   Thumb Code   132  gt_stack.o(.text)
    gt_stack_iterator                        0x00043c91   Thumb Code   128  gt_stack.o(.text)
    gt_stack_destroy                         0x00043d11   Thumb Code    56  gt_stack.o(.text)
    _gt_vector_create                        0x00043d49   Thumb Code    66  gt_vector.o(.text)
    _gt_vector_add_free_item_cb              0x00043d8d   Thumb Code    24  gt_vector.o(.text)
    _gt_vector_add_equal_item_cb             0x00043da5   Thumb Code    24  gt_vector.o(.text)
    _gt_vector_add_item                      0x00043dcd   Thumb Code   170  gt_vector.o(.text)
    _gt_vector_replace_item                  0x00043e79   Thumb Code    92  gt_vector.o(.text)
    _gt_vector_remove_item                   0x00043ed5   Thumb Code   218  gt_vector.o(.text)
    _gt_vector_turn_next                     0x00043fb1   Thumb Code    56  gt_vector.o(.text)
    _gt_vector_get_count                     0x00043fe9   Thumb Code    18  gt_vector.o(.text)
    _gt_vector_get_index                     0x00043ffd   Thumb Code    22  gt_vector.o(.text)
    _gt_vector_get_item                      0x00044015   Thumb Code    32  gt_vector.o(.text)
    _gt_vector_free                          0x00044035   Thumb Code   130  gt_vector.o(.text)
    _gt_vector_clear_all_items               0x000440b9   Thumb Code   118  gt_vector.o(.text)
    gt_btn_create                            0x00044361   Thumb Code   148  gt_btn.o(.text)
    gt_btn_set_color_pressed                 0x00044405   Thumb Code    34  gt_btn.o(.text)
    gt_btn_set_color_background              0x00044429   Thumb Code    24  gt_btn.o(.text)
    gt_btn_set_color_border                  0x00044441   Thumb Code    36  gt_btn.o(.text)
    gt_btn_set_border_width                  0x00044465   Thumb Code    36  gt_btn.o(.text)
    gt_btn_set_text                          0x00044489   Thumb Code   166  gt_btn.o(.text)
    gt_btn_get_text                          0x00044531   Thumb Code    20  gt_btn.o(.text)
    gt_btn_set_font_color                    0x00044545   Thumb Code    34  gt_btn.o(.text)
    gt_btn_set_font_color_pressed            0x00044569   Thumb Code    36  gt_btn.o(.text)
    gt_btn_set_font_size                     0x0004458d   Thumb Code    22  gt_btn.o(.text)
    gt_btn_set_font_gray                     0x000445a5   Thumb Code    22  gt_btn.o(.text)
    gt_btn_set_font_align                    0x000445bd   Thumb Code    22  gt_btn.o(.text)
    gt_btn_set_font_family_cn                0x000445d5   Thumb Code    22  gt_btn.o(.text)
    gt_btn_set_font_family_en                0x000445ed   Thumb Code    22  gt_btn.o(.text)
    gt_btn_set_font_family_fl                0x00044605   Thumb Code    22  gt_btn.o(.text)
    gt_btn_set_font_family_numb              0x0004461d   Thumb Code    22  gt_btn.o(.text)
    gt_btn_set_radius                        0x00044635   Thumb Code    34  gt_btn.o(.text)
    gt_btn_add_state_content                 0x00044659   Thumb Code    90  gt_btn.o(.text)
    gt_btn_remove_state_content              0x000446b5   Thumb Code    42  gt_btn.o(.text)
    gt_btn_clear_all_state_content           0x000446e1   Thumb Code    28  gt_btn.o(.text)
    gt_btn_get_state_content_index           0x000446fd   Thumb Code    30  gt_btn.o(.text)
    gt_btn_set_font_thick_en                 0x0004471d   Thumb Code    22  gt_btn.o(.text)
    gt_btn_set_font_thick_cn                 0x00044735   Thumb Code    22  gt_btn.o(.text)
    gt_btn_set_font_encoding                 0x0004474d   Thumb Code    22  gt_btn.o(.text)
    gt_btn_set_space                         0x00044765   Thumb Code    28  gt_btn.o(.text)
    gt_btn_set_selected                      0x00044781   Thumb Code    24  gt_btn.o(.text)
    gt_dialog_create                         0x000449bd   Thumb Code   236  gt_dialog.o(.text)
    gt_dialog_create_issue                   0x00044aa9   Thumb Code   508  gt_dialog.o(.text)
    gt_dialog_show                           0x00044ca9   Thumb Code    82  gt_dialog.o(.text)
    gt_dialog_has_showing                    0x00044cfd   Thumb Code    28  gt_dialog.o(.text)
    gt_dialog_set_border_color               0x00044d69   Thumb Code    22  gt_dialog.o(.text)
    gt_dialog_set_border_width               0x00044d81   Thumb Code    22  gt_dialog.o(.text)
    gt_dialog_set_bgcolor                    0x00044d99   Thumb Code    20  gt_dialog.o(.text)
    gt_dialog_set_border_radius              0x00044dad   Thumb Code    22  gt_dialog.o(.text)
    gt_dialog_set_outside_auto_hide          0x00044dc5   Thumb Code    34  gt_dialog.o(.text)
    gt_dialog_set_anim_time                  0x00044de9   Thumb Code    20  gt_dialog.o(.text)
    gt_dialog_set_title_font_color           0x00044dfd   Thumb Code    34  gt_dialog.o(.text)
    gt_dialog_set_title_font_size            0x00044e21   Thumb Code    34  gt_dialog.o(.text)
    gt_dialog_set_title_font_align           0x00044e45   Thumb Code    34  gt_dialog.o(.text)
    gt_dialog_set_title_font_family_cn       0x00044e69   Thumb Code    34  gt_dialog.o(.text)
    gt_dialog_set_title_font_family_en       0x00044e8d   Thumb Code    34  gt_dialog.o(.text)
    gt_dialog_set_title_font_family_fl       0x00044eb1   Thumb Code    34  gt_dialog.o(.text)
    gt_dialog_set_title_font_thick_en        0x00044ed5   Thumb Code    34  gt_dialog.o(.text)
    gt_dialog_set_title_font_thick_cn        0x00044ef9   Thumb Code    34  gt_dialog.o(.text)
    gt_dialog_set_content_font_color         0x00044f1d   Thumb Code    34  gt_dialog.o(.text)
    gt_dialog_set_content_font_size          0x00044f41   Thumb Code    34  gt_dialog.o(.text)
    gt_dialog_set_content_font_align         0x00044f65   Thumb Code    34  gt_dialog.o(.text)
    gt_dialog_set_content_font_family_cn     0x00044f89   Thumb Code    34  gt_dialog.o(.text)
    gt_dialog_set_content_font_family_en     0x00044fad   Thumb Code    34  gt_dialog.o(.text)
    gt_dialog_set_content_font_family_fl     0x00044fd1   Thumb Code    34  gt_dialog.o(.text)
    gt_dialog_set_content_font_thick_en      0x00044ff5   Thumb Code    34  gt_dialog.o(.text)
    gt_dialog_set_content_font_thick_cn      0x00045019   Thumb Code    34  gt_dialog.o(.text)
    gt_img_create                            0x000451e9   Thumb Code    14  gt_img.o(.text)
    gt_img_set_src                           0x000451f9   Thumb Code   136  gt_img.o(.text)
    gt_img_set_raw_data                      0x00045281   Thumb Code   142  gt_img.o(.text)
    gt_img_get_src                           0x00045311   Thumb Code    20  gt_img.o(.text)
    gt_img_get_width                         0x00045325   Thumb Code    50  gt_img.o(.text)
    gt_img_get_height                        0x00045359   Thumb Code    54  gt_img.o(.text)
    gt_imgbtn_create                         0x00045525   Thumb Code    62  gt_imgbtn.o(.text)
    gt_imgbtn_style_set_selected             0x00045599   Thumb Code    52  gt_imgbtn.o(.text)
    gt_imgbtn_set_src                        0x000455cd   Thumb Code   130  gt_imgbtn.o(.text)
    gt_imgbtn_set_src_press                  0x00045651   Thumb Code   110  gt_imgbtn.o(.text)
    gt_imgbtn_set_src_release                0x000456c1   Thumb Code   110  gt_imgbtn.o(.text)
    gt_imgbtn_add_state_item                 0x00045731   Thumb Code   130  gt_imgbtn.o(.text)
    gt_imgbtn_remove_state_item              0x000457b5   Thumb Code    58  gt_imgbtn.o(.text)
    gt_imgbtn_clear_all_state_item           0x000457f1   Thumb Code    28  gt_imgbtn.o(.text)
    bt_imgbtn_get_state_item_index           0x0004580d   Thumb Code    30  gt_imgbtn.o(.text)
    gt_label_create                          0x00045a15   Thumb Code    84  gt_label.o(.text)
    gt_label_set_text                        0x00045a71   Thumb Code   224  gt_label.o(.text)
    gt_label_set_text_by_len                 0x00045b51   Thumb Code   280  gt_label.o(.text)
    gt_label_get_text                        0x00045c69   Thumb Code    20  gt_label.o(.text)
    gt_label_set_font_color                  0x00045c7d   Thumb Code    34  gt_label.o(.text)
    gt_label_set_font_size                   0x00045ca1   Thumb Code    68  gt_label.o(.text)
    gt_label_set_font_gray                   0x00045ce5   Thumb Code    22  gt_label.o(.text)
    gt_label_set_font_align                  0x00045cfd   Thumb Code    36  gt_label.o(.text)
    gt_label_set_font_family_cn              0x00045d21   Thumb Code    22  gt_label.o(.text)
    gt_label_set_font_family_en              0x00045d39   Thumb Code    22  gt_label.o(.text)
    gt_label_set_font_family_fl              0x00045d51   Thumb Code    22  gt_label.o(.text)
    gt_label_set_font_thick_en               0x00045d69   Thumb Code    22  gt_label.o(.text)
    gt_label_set_font_thick_cn               0x00045d81   Thumb Code    22  gt_label.o(.text)
    gt_label_set_font_encoding               0x00045d99   Thumb Code    22  gt_label.o(.text)
    gt_label_set_font_family_numb            0x00045db1   Thumb Code    22  gt_label.o(.text)
    gt_label_set_space                       0x00045dc9   Thumb Code    74  gt_label.o(.text)
    gt_label_get_font_size                   0x00045e15   Thumb Code    22  gt_label.o(.text)
    gt_label_get_space_x                     0x00045e2d   Thumb Code    22  gt_label.o(.text)
    gt_label_get_space_y                     0x00045e45   Thumb Code    22  gt_label.o(.text)
    gt_label_get_longest_line_substring_width 0x00045e5d   Thumb Code    36  gt_label.o(.text)
    gt_label_set_single_line                 0x00045e81   Thumb Code   102  gt_label.o(.text)
    gt_label_set_omit_single_line            0x00045ee9   Thumb Code    90  gt_label.o(.text)
    gt_label_set_auto_scroll_single_line     0x00045f45   Thumb Code   292  gt_label.o(.text)
    gt_label_set_font_style                  0x00046069   Thumb Code    52  gt_label.o(.text)
    gt_label_is_single_line                  0x0004609d   Thumb Code    26  gt_label.o(.text)
    gt_label_is_omit_single_line             0x000460b9   Thumb Code    26  gt_label.o(.text)
    gt_label_is_auto_scroll_single_line      0x000460d5   Thumb Code    44  gt_label.o(.text)
    _gt_obj_destroy_handler_cb               0x00046119   Thumb Code   156  gt_obj.o(.text)
    gt_obj_create                            0x000461d1   Thumb Code    28  gt_obj.o(.text)
    gt_obj_get_parent                        0x000461ed   Thumb Code    68  gt_obj.o(.text)
    gt_obj_change_parent                     0x00046245   Thumb Code     4  gt_obj.o(.text)
    gt_obj_find_by_id                        0x00046249   Thumb Code    74  gt_obj.o(.text)
    gt_obj_register_id                       0x000462d1   Thumb Code    64  gt_obj.o(.text)
    gt_obj_get_id                            0x00046325   Thumb Code    14  gt_obj.o(.text)
    gt_obj_is_child                          0x00046335   Thumb Code   112  gt_obj.o(.text)
    gt_obj_destroy                           0x000463b5   Thumb Code    58  gt_obj.o(.text)
    gt_screen_set_bgcolor                    0x000463f1   Thumb Code    22  gt_obj.o(.text)
    gt_screen_get_bgcolor                    0x00046409   Thumb Code    22  gt_obj.o(.text)
    gt_obj_set_bgcolor                       0x00046421   Thumb Code    20  gt_obj.o(.text)
    gt_obj_get_bgcolor                       0x00046435   Thumb Code    20  gt_obj.o(.text)
    gt_obj_get_limit_bottom                  0x00046449   Thumb Code   380  gt_obj.o(.text)
    gt_obj_get_childs_max_height             0x000465dd   Thumb Code   310  gt_obj.o(.text)
    gt_obj_show_bg                           0x00046715   Thumb Code    36  gt_obj.o(.text)
    gt_obj_is_show_bg                        0x00046739   Thumb Code    26  gt_obj.o(.text)
    gt_obj_class_create                      0x00046add   Thumb Code   394  gt_obj_class.o(.text)
    _gt_obj_class_inherent_attr_from_parent  0x00046c69   Thumb Code    48  gt_obj_class.o(.text)
    _gt_obj_class_change_parent              0x00046c99   Thumb Code   332  gt_obj_class.o(.text)
    _gt_obj_class_destroy                    0x00046de5   Thumb Code   452  gt_obj_class.o(.text)
    _gt_obj_class_destroy_children           0x000470e1   Thumb Code    44  gt_obj_class.o(.text)
    gt_obj_class_get_type                    0x0004710d   Thumb Code    18  gt_obj_class.o(.text)
    gt_obj_is_type                           0x00047121   Thumb Code    44  gt_obj_class.o(.text)
    gt_player_create                         0x00047279   Thumb Code    70  gt_player.o(.text)
    gt_player_set_type                       0x00047345   Thumb Code    38  gt_player.o(.text)
    gt_player_set_mode                       0x0004736d   Thumb Code    44  gt_player.o(.text)
    gt_player_set_auto_play_period           0x00047399   Thumb Code   114  gt_player.o(.text)
    gt_player_remove_item                    0x0004740d   Thumb Code   152  gt_player.o(.text)
    gt_player_remove_all_items               0x00047579   Thumb Code   208  gt_player.o(.text)
    gt_player_remove_item_by_index           0x00047649   Thumb Code    20  gt_player.o(.text)
    gt_player_add_item                       0x0004765d   Thumb Code   340  gt_player.o(.text)
    gt_player_set_index                      0x00047815   Thumb Code    54  gt_player.o(.text)
    gt_player_get_index                      0x0004784d   Thumb Code    24  gt_player.o(.text)
    gt_player_get_item_count                 0x00047865   Thumb Code    20  gt_player.o(.text)
    gt_player_get_percentage                 0x00047879   Thumb Code    76  gt_player.o(.text)
    gt_player_turn_prev                      0x000478c5   Thumb Code    32  gt_player.o(.text)
    gt_player_turn_next                      0x000478e5   Thumb Code    32  gt_player.o(.text)
    gt_player_play                           0x00047905   Thumb Code   100  gt_player.o(.text)
    gt_player_stop                           0x00047969   Thumb Code    66  gt_player.o(.text)
    gt_player_toggle                         0x000479ad   Thumb Code   104  gt_player.o(.text)
    gt_player_dir_toggle                     0x00047a15   Thumb Code    46  gt_player.o(.text)
    gt_player_set_repeat_count               0x00047a45   Thumb Code    20  gt_player.o(.text)
    gt_player_dir_is_forward                 0x00047a59   Thumb Code    34  gt_player.o(.text)
    gt_player_set_real_time_update           0x00047a7d   Thumb Code    36  gt_player.o(.text)
    gt_player_is_real_time_update            0x00047aa1   Thumb Code    26  gt_player.o(.text)
    Refresh_New_Page                         0x00047d01   Thumb Code   162  gt_init_screen_home.o(.text)
    send_pack                                0x00047da5   Thumb Code   108  gt_init_screen_home.o(.text)
    gt_init_screen_home                      0x00047e11   Thumb Code  1916  gt_init_screen_home.o(.text)
    gt_ui_init                               0x000486e1   Thumb Code    36  gt_ui.o(.text)
    GT_Font_Init                             0x00048705   Thumb Code   322  gt_gui_driver.o(.text)
    GT_Set_Chinese_Charset_Type              0x00048961   Thumb Code    12  gt_gui_driver.o(.text)
    GT_Get_Chinese_Charset_Type              0x0004896d   Thumb Code    12  gt_gui_driver.o(.text)
    GT_GetChinese                            0x00048979   Thumb Code    80  gt_gui_driver.o(.text)
    UnicodeToGBK                             0x000489c9   Thumb Code   172  gt_gui_driver.o(.text)
    GBKToUnicode                             0x00048acd   Thumb Code   282  gt_gui_driver.o(.text)
    GT_Get_Font_Width                        0x00048be9   Thumb Code    10  gt_gui_driver.o(.text)
    GT_Get_Font_Height                       0x00048bf5   Thumb Code    10  gt_gui_driver.o(.text)
    GT_Check_Is_Vec                          0x00048c01   Thumb Code     4  gt_gui_driver.o(.text)
    GT_Get_Font_Func_S                       0x00048c05   Thumb Code    44  gt_gui_driver.o(.text)
    GT_Get_Font_Type                         0x00048c31   Thumb Code    16  gt_gui_driver.o(.text)
    GT_Font_Code_Transform                   0x00048c41   Thumb Code    24  gt_gui_driver.o(.text)
    GT_Get_Font_Convertor_Data               0x00048c59   Thumb Code    24  gt_gui_driver.o(.text)
    tolower                                  0x00049417   Thumb Code    12  tolower.o(.text)
    ___aeabi_memcpy8$move                    0x00049423   Thumb Code     0  memmovea.o(.text)
    __aeabi_memcpy                           0x00049423   Thumb Code    64  memmovea.o(.text)
    __aeabi_memcpy4                          0x00049423   Thumb Code     0  memmovea.o(.text)
    __aeabi_memmove                          0x00049423   Thumb Code     0  memmovea.o(.text)
    __aeabi_memmove4                         0x00049423   Thumb Code     0  memmovea.o(.text)
    __aeabi_memmove8                         0x00049423   Thumb Code     0  memmovea.o(.text)
    __aeabi_memset                           0x00049463   Thumb Code    14  memseta.o(.text)
    __aeabi_memset4                          0x00049463   Thumb Code     0  memseta.o(.text)
    __aeabi_memset8                          0x00049463   Thumb Code     0  memseta.o(.text)
    __aeabi_memclr                           0x00049471   Thumb Code     4  memseta.o(.text)
    __aeabi_memclr4                          0x00049471   Thumb Code     0  memseta.o(.text)
    __aeabi_memclr8                          0x00049471   Thumb Code     0  memseta.o(.text)
    _memset$wrapper                          0x00049475   Thumb Code    18  memseta.o(.text)
    strlen                                   0x00049487   Thumb Code    14  strlen.o(.text)
    strcmp                                   0x00049495   Thumb Code    28  strcmp.o(.text)
    memcmp                                   0x000494b1   Thumb Code    26  memcmp.o(.text)
    strcpy                                   0x000494cb   Thumb Code    18  strcpy.o(.text)
    __aeabi_fmul                             0x000494dd   Thumb Code   100  fmul.o(.text)
    __aeabi_fdiv                             0x00049541   Thumb Code   124  fdiv.o(.text)
    __aeabi_dadd                             0x000495bd   Thumb Code   322  dadd.o(.text)
    __aeabi_dsub                             0x000496ff   Thumb Code     6  dadd.o(.text)
    __aeabi_drsub                            0x00049705   Thumb Code     6  dadd.o(.text)
    __aeabi_dmul                             0x0004970b   Thumb Code   228  dmul.o(.text)
    __aeabi_ddiv                             0x000497ef   Thumb Code   222  ddiv.o(.text)
    __aeabi_ui2f                             0x000498cd   Thumb Code    10  ffltui.o(.text)
    __aeabi_i2d                              0x000498d7   Thumb Code    34  dflti.o(.text)
    __aeabi_ui2d                             0x000498f9   Thumb Code    26  dfltui.o(.text)
    __aeabi_f2d                              0x00049913   Thumb Code    38  f2d.o(.text)
    __aeabi_d2f                              0x00049939   Thumb Code    56  d2f.o(.text)
    __aeabi_uidiv                            0x00049971   Thumb Code     0  uidiv.o(.text)
    __aeabi_uidivmod                         0x00049971   Thumb Code    44  uidiv.o(.text)
    __aeabi_uldivmod                         0x0004999d   Thumb Code    98  uldiv.o(.text)
    __aeabi_llsl                             0x000499ff   Thumb Code    30  llshl.o(.text)
    _ll_shift_l                              0x000499ff   Thumb Code     0  llshl.o(.text)
    __aeabi_llsr                             0x00049a1d   Thumb Code    32  llushr.o(.text)
    _ll_ushift_r                             0x00049a1d   Thumb Code     0  llushr.o(.text)
    __aeabi_lasr                             0x00049a3d   Thumb Code    36  llsshr.o(.text)
    _ll_sshift_r                             0x00049a3d   Thumb Code     0  llsshr.o(.text)
    __I$use$fp                               0x00049a61   Thumb Code     0  iusefp.o(.text)
    _float_round                             0x00049a61   Thumb Code    18  fepilogue.o(.text)
    _float_epilogue                          0x00049a73   Thumb Code    92  fepilogue.o(.text)
    _double_round                            0x00049acf   Thumb Code    30  depilogue.o(.text)
    _double_epilogue                         0x00049aed   Thumb Code   156  depilogue.o(.text)
    __aeabi_d2ulz                            0x00049b89   Thumb Code    48  dfixul.o(.text)
    __aeabi_cdrcmple                         0x00049bb9   Thumb Code    48  cdrcmple.o(.text)
    __scatterload                            0x00049be9   Thumb Code    28  init.o(.text)
    __scatterload_rt2                        0x00049be9   Thumb Code     0  init.o(.text)
    __0printf                                0x00049c0d   Thumb Code    22  printfa.o(i.__0printf)
    __1printf                                0x00049c0d   Thumb Code     0  printfa.o(i.__0printf)
    __2printf                                0x00049c0d   Thumb Code     0  printfa.o(i.__0printf)
    __c89printf                              0x00049c0d   Thumb Code     0  printfa.o(i.__0printf)
    printf                                   0x00049c0d   Thumb Code     0  printfa.o(i.__0printf)
    __0vsnprintf                             0x00049c2d   Thumb Code    46  printfa.o(i.__0vsnprintf)
    __1vsnprintf                             0x00049c2d   Thumb Code     0  printfa.o(i.__0vsnprintf)
    __2vsnprintf                             0x00049c2d   Thumb Code     0  printfa.o(i.__0vsnprintf)
    __c89vsnprintf                           0x00049c2d   Thumb Code     0  printfa.o(i.__0vsnprintf)
    vsnprintf                                0x00049c2d   Thumb Code     0  printfa.o(i.__0vsnprintf)
    __scatterload_copy                       0x00049c61   Thumb Code    14  handlers.o(i.__scatterload_copy)
    __scatterload_null                       0x00049c6f   Thumb Code     2  handlers.o(i.__scatterload_null)
    __scatterload_zeroinit                   0x00049c71   Thumb Code    14  handlers.o(i.__scatterload_zeroinit)
    puts                                     0x0004a549   Thumb Code    30  puts.o(i.puts)
    gt_btn_class                             0x0004c1b0   Data          16  gt_btn.o(.rodata.gt_btn_class)
    gt_dialog_class                          0x0004c1c0   Data          16  gt_dialog.o(.rodata.gt_dialog_class)
    gt_get_font_func                         0x0004c1d0   Data          12  gt_gui_driver.o(.rodata.gt_get_font_func)
    gt_img_class                             0x0004c1dc   Data          16  gt_img.o(.rodata.gt_img_class)
    gt_imgbtn_class                          0x0004c1ec   Data          16  gt_imgbtn.o(.rodata.gt_imgbtn_class)
    gt_label_class                           0x0004c1fc   Data          16  gt_label.o(.rodata.gt_label_class)
    gt_player_class                          0x0004c22c   Data          16  gt_player.o(.rodata.gt_player_class)
    Region$$Table$$Base                      0x000535c4   Number         0  anon$$obj.o(Region$$Table)
    Region$$Table$$Limit                     0x000535e4   Number         0  anon$$obj.o(Region$$Table)
    __stdout                                 0x20000000   Data           4  stdout.o(.data)
    SystemCoreClock                          0x20000004   Data           4  system_swm341.o(.data..L_MergedGlobals)
    CyclesPerUs                              0x20000008   Data           4  system_swm341.o(.data..L_MergedGlobals)
    _LCD_Buffer                              0x2000004c   Data           4  bsp_lcd_rgb.o(.data._LCD_Buffer)
    _gt_global_call                          0x20000054   Data          60  gt_gc.o(.data._gt_global_call)
    uart_status                              0x20000099   Data           1  bsp_uart.o(.bss..L_MergedGlobals)
    UART_BUF                                 0x200000a4   Data          20  bsp_uart.o(.bss..L_MergedGlobals)
    screen_home                              0x2000012c   Data           4  gt_init_screen_home.o(.bss..L_MergedGlobals)
    Boot_Video_Flag                          0x20000188   Data           1  dev_touch.o(.bss.Boot_Video_Flag)
    POINT_COLOR                              0x2000018c   Data           4  bsp_lcd_rgb.o(.bss.POINT_COLOR)
    TP_Dev                                   0x20000194   Data          22  dev_touch.o(.bss.TP_Dev)
    update_sreen_status                      0x2000c1cc   Data           1  gt_init_screen_home.o(.bss.update_sreen_status)
    __initial_sp                             0x2000d1d0   Data           0  startup_swm341.o(STACK)



==============================================================================

Memory Map of the image

  Image Entry point : 0x000201a9

  Load Region LR_IROM1 (Base: 0x00020000, Size: 0x00033680, Max: 0x00080000, ABSOLUTE)

    Execution Region ER_IROM1 (Exec base: 0x00020000, Load base: 0x00020000, Size: 0x000335e4, Max: 0x00080000, ABSOLUTE)

    Exec Addr    Load Addr    Size         Type   Attr      Idx    E Section Name        Object

    0x00020000   0x00020000   0x000001a8   Data   RO          115    RESET               startup_swm341.o
    0x000201a8   0x000201a8   0x00000000   Code   RO         1287  * .ARM.Collect$$$$00000000  mc_w.l(entry.o)
    0x000201a8   0x000201a8   0x00000004   Code   RO         1607    .ARM.Collect$$$$00000001  mc_w.l(entry2.o)
    0x000201ac   0x000201ac   0x00000004   Code   RO         1610    .ARM.Collect$$$$00000004  mc_w.l(entry5.o)
    0x000201b0   0x000201b0   0x00000000   Code   RO         1612    .ARM.Collect$$$$00000008  mc_w.l(entry7b.o)
    0x000201b0   0x000201b0   0x00000000   Code   RO         1614    .ARM.Collect$$$$0000000A  mc_w.l(entry8b.o)
    0x000201b0   0x000201b0   0x00000008   Code   RO         1615    .ARM.Collect$$$$0000000B  mc_w.l(entry9a.o)
    0x000201b8   0x000201b8   0x00000000   Code   RO         1617    .ARM.Collect$$$$0000000D  mc_w.l(entry10a.o)
    0x000201b8   0x000201b8   0x00000000   Code   RO         1619    .ARM.Collect$$$$0000000F  mc_w.l(entry11a.o)
    0x000201b8   0x000201b8   0x00000004   Code   RO         1608    .ARM.Collect$$$$00002712  mc_w.l(entry2.o)
    0x000201bc   0x000201bc   0x0000029c   Code   RO            1    .text               main.o
    0x00020458   0x00020458   0x000005d4   Code   RO           11    .text               bsp_lcd_rgb.o
    0x00020a2c   0x00020a2c   0x000005d0   Code   RO           31    .text               bsp_sfc.o
    0x00020ffc   0x00020ffc   0x000002ae   Code   RO           41    .text               bsp_uart.o
    0x000212aa   0x000212aa   0x00000002   PAD
    0x000212ac   0x000212ac   0x00000102   Code   RO           72    .text               dev_systick.o
    0x000213ae   0x000213ae   0x00000002   PAD
    0x000213b0   0x000213b0   0x0000007c   Code   RO           82    .text               dev_touch.o
    0x0002142c   0x0002142c   0x00000630   Code   RO           92    .text               gt911.o
    0x00021a5c   0x00021a5c   0x000010f6   Code   RO          103    .text               system_swm341.o
    0x00022b52   0x00022b52   0x00000002   PAD
    0x00022b54   0x00022b54   0x000000d8   Code   RO          116    .text               startup_swm341.o
    0x00022c2c   0x00022c2c   0x0000009e   Code   RO          190    .text               swm341_exti.o
    0x00022cca   0x00022cca   0x00000002   PAD
    0x00022ccc   0x00022ccc   0x0000013e   Code   RO          199    .text               swm341_flash.o
    0x00022e0a   0x00022e0a   0x00000002   PAD
    0x00022e0c   0x00022e0c   0x00000298   Code   RO          211    .text               swm341_gpio.o
    0x000230a4   0x000230a4   0x0000030a   Code   RO          219    .text               swm341_i2c.o
    0x000233ae   0x000233ae   0x00000002   PAD
    0x000233b0   0x000233b0   0x0000031c   Code   RO          245    .text               swm341_lcd.o
    0x000236cc   0x000236cc   0x0000004a   Code   RO          254    .text               swm341_port.o
    0x00023716   0x00023716   0x00000002   PAD
    0x00023718   0x00023718   0x00000288   Code   RO          298    .text               swm341_sdram.o
    0x000239a0   0x000239a0   0x000005d6   Code   RO          306    .text               swm341_sfc.o
    0x00023f76   0x00023f76   0x00000002   PAD
    0x00023f78   0x00023f78   0x00000b60   Code   RO          324    .text               swm341_timr.o
    0x00024ad8   0x00024ad8   0x00000370   Code   RO          332    .text               swm341_uart.o
    0x00024e48   0x00024e48   0x000000a0   Code   RO          362    .text               swm341_wdt.o
    0x00024ee8   0x00024ee8   0x00000046   Code   RO          370    .text               gt_port_disp.o
    0x00024f2e   0x00024f2e   0x00000002   PAD
    0x00024f30   0x00024f30   0x00000046   Code   RO          379    .text               gt_port_indev.o
    0x00024f76   0x00024f76   0x00000002   PAD
    0x00024f78   0x00024f78   0x0000000e   Code   RO          387    .text               gt_port_src.o
    0x00024f86   0x00024f86   0x00000002   PAD
    0x00024f88   0x00024f88   0x0000001e   Code   RO          395    .text               gt_port_vf.o
    0x00024fa6   0x00024fa6   0x00000002   PAD
    0x00024fa8   0x00024fa8   0x0000163e   Code   RO          404    .text               gt_disp.o
    0x000265e6   0x000265e6   0x00000002   PAD
    0x000265e8   0x000265e8   0x00003a24   Code   RO          415    .text               gt_draw.o
    0x0002a00c   0x0002a00c   0x00000318   Code   RO          444    .text               gt_event.o
    0x0002a324   0x0002a324   0x0000030c   Code   RO          454    .text               gt_fs.o
    0x0002a630   0x0002a630   0x00000094   Code   RO          465    .text               gt_graph_base.o
    0x0002a6c4   0x0002a6c4   0x00000054   Code   RO          474    .text               gt_handler.o
    0x0002a718   0x0002a718   0x000003b4   Code   RO          482    .text               gt_img_decoder.o
    0x0002aacc   0x0002aacc   0x00000bd6   Code   RO          492    .text               gt_indev.o
    0x0002b6a2   0x0002b6a2   0x00000002   PAD
    0x0002b6a4   0x0002b6a4   0x000001d4   Code   RO          505    .text               gt_layout.o
    0x0002b878   0x0002b878   0x00000164   Code   RO          514    .text               gt_mem.o
    0x0002b9dc   0x0002b9dc   0x0000039c   Code   RO          525    .text               gt_obj_pos.o
    0x0002bd78   0x0002bd78   0x000001e6   Code   RO          535    .text               gt_obj_scroll.o
    0x0002bf5e   0x0002bf5e   0x00000002   PAD
    0x0002bf60   0x0002bf60   0x00000078   Code   RO          545    .text               gt_refr.o
    0x0002bfd8   0x0002bfd8   0x0000067c   Code   RO          554    .text               gt_scr_stack.o
    0x0002c654   0x0002c654   0x00001bd4   Code   RO          564    .text               gt_style.o
    0x0002e228   0x0002e228   0x00000530   Code   RO          574    .text               gt_timer.o
    0x0002e758   0x0002e758   0x0000000e   Code   RO          585    .text               gt_extra.o
    0x0002e766   0x0002e766   0x00000002   PAD
    0x0002e768   0x0002e768   0x000007a0   Code   RO          592    .text               gt_draw_blend.o
    0x0002ef08   0x0002ef08   0x0000103e   Code   RO          610    .text               gt_draw_blend_with_rgb565.o
    0x0002ff46   0x0002ff46   0x00000002   PAD
    0x0002ff48   0x0002ff48   0x000006de   Code   RO          638    .text               gt_sjpg.o
    0x00030626   0x00030626   0x00000002   PAD
    0x00030628   0x00030628   0x00003236   Code   RO          648    .text               tjpgd.o
    0x0003385e   0x0003385e   0x00000002   PAD
    0x00033860   0x00033860   0x000004ec   Code   RO          660    .text               gt_png.o
    0x00033d4c   0x00033d4c   0x0000aba2   Code   RO          670    .text               lodepng.o
    0x0003e8ee   0x0003e8ee   0x00000002   PAD
    0x0003e8f0   0x0003e8f0   0x000024f2   Code   RO          694    .text               gt_font.o
    0x00040de2   0x00040de2   0x00000002   PAD
    0x00040de4   0x00040de4   0x0000008a   Code   RO          707    .text               gt_symbol.o
    0x00040e6e   0x00040e6e   0x00000002   PAD
    0x00040e70   0x00040e70   0x00000724   Code   RO          759    .text               gt_hal_disp.o
    0x00041594   0x00041594   0x000000a4   Code   RO          772    .text               gt_hal_fs.o
    0x00041638   0x00041638   0x000000f8   Code   RO          781    .text               gt_hal_indev.o
    0x00041730   0x00041730   0x00000220   Code   RO          791    .text               gt_hal_src.o
    0x00041950   0x00041950   0x00000074   Code   RO          802    .text               gt_hal_tick.o
    0x000419c4   0x000419c4   0x00000318   Code   RO          811    .text               gt_hal_vf.o
    0x00041cdc   0x00041cdc   0x00000974   Code   RO          823    .text               gt_anim.o
    0x00042650   0x00042650   0x000002aa   Code   RO          835    .text               gt_area.o
    0x000428fa   0x000428fa   0x00000002   PAD
    0x000428fc   0x000428fc   0x000000a4   Code   RO          844    .text               gt_color.o
    0x000429a0   0x000429a0   0x00000028   Code   RO          854    .text               gt_gc.o
    0x000429c8   0x000429c8   0x0000017e   Code   RO          863    .text               gt_math.o
    0x00042b46   0x00042b46   0x00000002   PAD
    0x00042b48   0x00042b48   0x00000d84   Code   RO          874    .text               gt_tlsf.o
    0x000438cc   0x000438cc   0x0000047c   Code   RO          894    .text               gt_stack.o
    0x00043d48   0x00043d48   0x000003e6   Code   RO          905    .text               gt_vector.o
    0x0004412e   0x0004412e   0x00000002   PAD
    0x00044130   0x00044130   0x000006dc   Code   RO          915    .text               gt_btn.o
    0x0004480c   0x0004480c   0x00000884   Code   RO          972    .text               gt_dialog.o
    0x00045090   0x00045090   0x000002fe   Code   RO         1003    .text               gt_img.o
    0x0004538e   0x0004538e   0x00000002   PAD
    0x00045390   0x00045390   0x0000049a   Code   RO         1013    .text               gt_imgbtn.o
    0x0004582a   0x0004582a   0x00000002   PAD
    0x0004582c   0x0004582c   0x000008ea   Code   RO         1072    .text               gt_label.o
    0x00046116   0x00046116   0x00000002   PAD
    0x00046118   0x00046118   0x000009c4   Code   RO         1102    .text               gt_obj.o
    0x00046adc   0x00046adc   0x00000670   Code   RO         1114    .text               gt_obj_class.o
    0x0004714c   0x0004714c   0x00000bb2   Code   RO         1133    .text               gt_player.o
    0x00047cfe   0x00047cfe   0x00000002   PAD
    0x00047d00   0x00047d00   0x000009de   Code   RO         1249    .text               gt_init_screen_home.o
    0x000486de   0x000486de   0x00000002   PAD
    0x000486e0   0x000486e0   0x00000024   Code   RO         1260    .text               gt_ui.o
    0x00048704   0x00048704   0x00000d12   Code   RO         1268    .text               gt_gui_driver.lib(gt_gui_driver.o)
    0x00049416   0x00049416   0x0000000c   Code   RO         1294    .text               mc_w.l(tolower.o)
    0x00049422   0x00049422   0x00000040   Code   RO         1298    .text               mc_w.l(memmovea.o)
    0x00049462   0x00049462   0x00000024   Code   RO         1300    .text               mc_w.l(memseta.o)
    0x00049486   0x00049486   0x0000000e   Code   RO         1302    .text               mc_w.l(strlen.o)
    0x00049494   0x00049494   0x0000001c   Code   RO         1304    .text               mc_w.l(strcmp.o)
    0x000494b0   0x000494b0   0x0000001a   Code   RO         1306    .text               mc_w.l(memcmp.o)
    0x000494ca   0x000494ca   0x00000012   Code   RO         1308    .text               mc_w.l(strcpy.o)
    0x000494dc   0x000494dc   0x00000064   Code   RO         1575    .text               mf_w.l(fmul.o)
    0x00049540   0x00049540   0x0000007c   Code   RO         1577    .text               mf_w.l(fdiv.o)
    0x000495bc   0x000495bc   0x0000014e   Code   RO         1579    .text               mf_w.l(dadd.o)
    0x0004970a   0x0004970a   0x000000e4   Code   RO         1581    .text               mf_w.l(dmul.o)
    0x000497ee   0x000497ee   0x000000de   Code   RO         1583    .text               mf_w.l(ddiv.o)
    0x000498cc   0x000498cc   0x0000000a   Code   RO         1593    .text               mf_w.l(ffltui.o)
    0x000498d6   0x000498d6   0x00000022   Code   RO         1595    .text               mf_w.l(dflti.o)
    0x000498f8   0x000498f8   0x0000001a   Code   RO         1597    .text               mf_w.l(dfltui.o)
    0x00049912   0x00049912   0x00000026   Code   RO         1603    .text               mf_w.l(f2d.o)
    0x00049938   0x00049938   0x00000038   Code   RO         1605    .text               mf_w.l(d2f.o)
    0x00049970   0x00049970   0x0000002c   Code   RO         1631    .text               mc_w.l(uidiv.o)
    0x0004999c   0x0004999c   0x00000062   Code   RO         1633    .text               mc_w.l(uldiv.o)
    0x000499fe   0x000499fe   0x0000001e   Code   RO         1635    .text               mc_w.l(llshl.o)
    0x00049a1c   0x00049a1c   0x00000020   Code   RO         1637    .text               mc_w.l(llushr.o)
    0x00049a3c   0x00049a3c   0x00000024   Code   RO         1639    .text               mc_w.l(llsshr.o)
    0x00049a60   0x00049a60   0x00000000   Code   RO         1641    .text               mc_w.l(iusefp.o)
    0x00049a60   0x00049a60   0x0000006e   Code   RO         1642    .text               mf_w.l(fepilogue.o)
    0x00049ace   0x00049ace   0x000000ba   Code   RO         1644    .text               mf_w.l(depilogue.o)
    0x00049b88   0x00049b88   0x00000030   Code   RO         1646    .text               mf_w.l(dfixul.o)
    0x00049bb8   0x00049bb8   0x00000030   Code   RO         1648    .text               mf_w.l(cdrcmple.o)
    0x00049be8   0x00049be8   0x00000024   Code   RO         1650    .text               mc_w.l(init.o)
    0x00049c0c   0x00049c0c   0x00000020   Code   RO         1547    i.__0printf         mc_w.l(printfa.o)
    0x00049c2c   0x00049c2c   0x00000034   Code   RO         1552    i.__0vsnprintf      mc_w.l(printfa.o)
    0x00049c60   0x00049c60   0x0000000e   Code   RO         1654    i.__scatterload_copy  mc_w.l(handlers.o)
    0x00049c6e   0x00049c6e   0x00000002   Code   RO         1655    i.__scatterload_null  mc_w.l(handlers.o)
    0x00049c70   0x00049c70   0x0000000e   Code   RO         1656    i.__scatterload_zeroinit  mc_w.l(handlers.o)
    0x00049c7e   0x00049c7e   0x00000002   PAD
    0x00049c80   0x00049c80   0x00000184   Code   RO         1554    i._fp_digits        mc_w.l(printfa.o)
    0x00049e04   0x00049e04   0x000006dc   Code   RO         1555    i._printf_core      mc_w.l(printfa.o)
    0x0004a4e0   0x0004a4e0   0x00000024   Code   RO         1556    i._printf_post_padding  mc_w.l(printfa.o)
    0x0004a504   0x0004a504   0x0000002e   Code   RO         1557    i._printf_pre_padding  mc_w.l(printfa.o)
    0x0004a532   0x0004a532   0x00000016   Code   RO         1558    i._snputc           mc_w.l(printfa.o)
    0x0004a548   0x0004a548   0x00000024   Code   RO         1290    i.puts              mc_w.l(puts.o)
    0x0004a56c   0x0004a56c   0x00000014   Data   RO          826    .rodata..Lswitch.table.gt_anim_set_path_type  gt_anim.o
    0x0004a580   0x0004a580   0x000001d0   Data   RO          686    .rodata..Lswitch.table.lodepng_error_text  lodepng.o
    0x0004a750   0x0004a750   0x0000001c   Data   RO          681    .rodata.ADAM7_DX    lodepng.o
    0x0004a76c   0x0004a76c   0x0000001c   Data   RO          683    .rodata.ADAM7_DY    lodepng.o
    0x0004a788   0x0004a788   0x0000001c   Data   RO          682    .rodata.ADAM7_IX    lodepng.o
    0x0004a7a4   0x0004a7a4   0x0000001c   Data   RO          684    .rodata.ADAM7_IY    lodepng.o
    0x0004a7c0   0x0004a7c0   0x0000004c   Data   RO          680    .rodata.CLCL_ORDER  lodepng.o
    0x0004a80c   0x0004a80c   0x00000400   Data   RO          652    .rodata.Clip8       tjpgd.o
    0x0004ac0c   0x0004ac0c   0x00000078   Data   RO          678    .rodata.DISTANCEBASE  lodepng.o
    0x0004ac84   0x0004ac84   0x00000078   Data   RO          679    .rodata.DISTANCEEXTRA  lodepng.o
    0x0004acfc   0x0004acfc   0x00000080   Data   RO          651    .rodata.Ipsf        tjpgd.o
    0x0004ad7c   0x0004ad7c   0x00000074   Data   RO          676    .rodata.LENGTHBASE  lodepng.o
    0x0004adf0   0x0004adf0   0x00000074   Data   RO          677    .rodata.LENGTHEXTRA  lodepng.o
    0x0004ae64   0x0004ae64   0x00000040   Data   RO          650    .rodata.Zig         tjpgd.o
    0x0004aea4   0x0004aea4   0x00000be0   Data   RO          699    .rodata._ascii_16   gt_font.o
    0x0004ba84   0x0004ba84   0x000000b6   Data   RO          865    .rodata._gt_sin_90_table  gt_math.o
    0x0004bb3a   0x0004bb3a   0x00000002   PAD
    0x0004bb3c   0x0004bb3c   0x00000400   Data   RO          866    .rodata._gt_tab_per_255  gt_math.o
    0x0004bf3c   0x0004bf3c   0x000001ea   Data   RO          698    .rodata._latin_16x16_width  gt_font.o
    0x0004c126   0x0004c126   0x00000002   PAD
    0x0004c128   0x0004c128   0x00000014   Data   RO          389    .rodata._src_icon_sys  gt_port_src.o
    0x0004c13c   0x0004c13c   0x00000003   Data   RO          435    .rodata._utf8_dots  gt_draw.o
    0x0004c13f   0x0004c13f   0x00000009   Data   RO          436    .rodata._utf8_full_stops  gt_draw.o
    0x0004c148   0x0004c148   0x00000010   Data   RO          495    .rodata.cst16       gt_indev.o
    0x0004c158   0x0004c158   0x00000020   Data   RO          407    .rodata.cst32       gt_disp.o
    0x0004c178   0x0004c178   0x00000020   Data   RO          685    .rodata.cst32       lodepng.o
    0x0004c198   0x0004c198   0x00000004   Data   RO          457    .rodata.cst4        gt_fs.o
    0x0004c19c   0x0004c19c   0x00000008   Data   RO          527    .rodata.cst8        gt_obj_pos.o
    0x0004c1a4   0x0004c1a4   0x00000004   PAD
    0x0004c1a8   0x0004c1a8   0x00000008   Data   RO          897    .rodata.cst8        gt_stack.o
    0x0004c1b0   0x0004c1b0   0x00000010   Data   RO          917    .rodata.gt_btn_class  gt_btn.o
    0x0004c1c0   0x0004c1c0   0x00000010   Data   RO          974    .rodata.gt_dialog_class  gt_dialog.o
    0x0004c1d0   0x0004c1d0   0x0000000c   Data   RO         1274    .rodata.gt_get_font_func  gt_gui_driver.lib(gt_gui_driver.o)
    0x0004c1dc   0x0004c1dc   0x00000010   Data   RO         1005    .rodata.gt_img_class  gt_img.o
    0x0004c1ec   0x0004c1ec   0x00000010   Data   RO         1015    .rodata.gt_imgbtn_class  gt_imgbtn.o
    0x0004c1fc   0x0004c1fc   0x00000010   Data   RO         1074    .rodata.gt_label_class  gt_label.o
    0x0004c20c   0x0004c20c   0x00000010   Data   RO          763    .rodata.gt_layer_top_class  gt_hal_disp.o
    0x0004c21c   0x0004c21c   0x00000010   Data   RO         1105    .rodata.gt_obj_class  gt_obj.o
    0x0004c22c   0x0004c22c   0x00000010   Data   RO         1135    .rodata.gt_player_class  gt_player.o
    0x0004c23c   0x0004c23c   0x00000008   Data   RO         1262    .rodata.gt_scr_list  gt_ui.o
    0x0004c244   0x0004c244   0x00000010   Data   RO         1106    .rodata.gt_screen_class  gt_obj.o
    0x0004c254   0x0004c254   0x00000230   Data   RO         1272    .rodata.gtuid       gt_gui_driver.lib(gt_gui_driver.o)
    0x0004c484   0x0004c484   0x00000400   Data   RO          675    .rodata.lodepng_crc32_table  lodepng.o
    0x0004c884   0x0004c884   0x0000000c   Data   RO          419    .rodata.r_1         gt_draw.o
    0x0004c890   0x0004c890   0x00000042   Data   RO          428    .rodata.r_10        gt_draw.o
    0x0004c8d2   0x0004c8d2   0x00000048   Data   RO          429    .rodata.r_11        gt_draw.o
    0x0004c91a   0x0004c91a   0x0000004e   Data   RO          430    .rodata.r_12        gt_draw.o
    0x0004c968   0x0004c968   0x00000054   Data   RO          431    .rodata.r_13        gt_draw.o
    0x0004c9bc   0x0004c9bc   0x0000005a   Data   RO          432    .rodata.r_14        gt_draw.o
    0x0004ca16   0x0004ca16   0x00000060   Data   RO          433    .rodata.r_15        gt_draw.o
    0x0004ca76   0x0004ca76   0x00000066   Data   RO          434    .rodata.r_16        gt_draw.o
    0x0004cadc   0x0004cadc   0x00000012   Data   RO          420    .rodata.r_2         gt_draw.o
    0x0004caee   0x0004caee   0x00000018   Data   RO          421    .rodata.r_3         gt_draw.o
    0x0004cb06   0x0004cb06   0x0000001e   Data   RO          422    .rodata.r_4         gt_draw.o
    0x0004cb24   0x0004cb24   0x00000024   Data   RO          423    .rodata.r_5         gt_draw.o
    0x0004cb48   0x0004cb48   0x0000002a   Data   RO          424    .rodata.r_6         gt_draw.o
    0x0004cb72   0x0004cb72   0x00000030   Data   RO          425    .rodata.r_7         gt_draw.o
    0x0004cba2   0x0004cba2   0x00000036   Data   RO          426    .rodata.r_8         gt_draw.o
    0x0004cbd8   0x0004cbd8   0x0000003c   Data   RO          427    .rodata.r_9         gt_draw.o
    0x0004cc14   0x0004cc14   0x00000044   Data   RO          418    .rodata.small_radius_make  gt_draw.o
    0x0004cc58   0x0004cc58   0x00000005   Data   RO            3    .rodata.str1.1      main.o
    0x0004cc5d   0x0004cc5d   0x00000020   Data   RO           33    .rodata.str1.1      bsp_sfc.o
    0x0004cc7d   0x0004cc7d   0x0000058e   Data   RO          398    .rodata.str1.1      gt_port_vf.o
    0x0004d20b   0x0004d20b   0x0000014c   Data   RO          406    .rodata.str1.1      gt_disp.o
    0x0004d357   0x0004d357   0x0000031d   Data   RO          417    .rodata.str1.1      gt_draw.o
    0x0004d674   0x0004d674   0x00000044   Data   RO          446    .rodata.str1.1      gt_event.o
    0x0004d6b8   0x0004d6b8   0x00000041   Data   RO          484    .rodata.str1.1      gt_img_decoder.o
    0x0004d6f9   0x0004d6f9   0x00000016   Data   RO          494    .rodata.str1.1      gt_indev.o
    0x0004d70f   0x0004d70f   0x0000000e   Data   RO          547    .rodata.str1.1      gt_refr.o
    0x0004d71d   0x0004d71d   0x0000002c   Data   RO          556    .rodata.str1.1      gt_scr_stack.o
    0x0004d749   0x0004d749   0x000000c8   Data   RO          566    .rodata.str1.1      gt_style.o
    0x0004d811   0x0004d811   0x00000022   Data   RO          576    .rodata.str1.1      gt_timer.o
    0x0004d833   0x0004d833   0x0000002f   Data   RO          640    .rodata.str1.1      gt_sjpg.o
    0x0004d862   0x0004d862   0x00000025   Data   RO          662    .rodata.str1.1      gt_png.o
    0x0004d887   0x0004d887   0x0000132d   Data   RO          672    .rodata.str1.1      lodepng.o
    0x0004ebb4   0x0004ebb4   0x0000003d   Data   RO          696    .rodata.str1.1      gt_font.o
    0x0004ebf1   0x0004ebf1   0x00000060   Data   RO          711    .rodata.str1.1      gt_symbol.o
    0x0004ec51   0x0004ec51   0x0000005b   Data   RO          762    .rodata.str1.1      gt_hal_disp.o
    0x0004ecac   0x0004ecac   0x00000023   Data   RO          794    .rodata.str1.1      gt_hal_src.o
    0x0004eccf   0x0004eccf   0x00000022   Data   RO          813    .rodata.str1.1      gt_hal_vf.o
    0x0004ecf1   0x0004ecf1   0x00000048   Data   RO          825    .rodata.str1.1      gt_anim.o
    0x0004ed39   0x0004ed39   0x00000077   Data   RO          876    .rodata.str1.1      gt_tlsf.o
    0x0004edb0   0x0004edb0   0x00000023   Data   RO          896    .rodata.str1.1      gt_stack.o
    0x0004edd3   0x0004edd3   0x00000024   Data   RO          907    .rodata.str1.1      gt_vector.o
    0x0004edf7   0x0004edf7   0x00000023   Data   RO          918    .rodata.str1.1      gt_btn.o
    0x0004ee1a   0x0004ee1a   0x00000023   Data   RO         1006    .rodata.str1.1      gt_img.o
    0x0004ee3d   0x0004ee3d   0x00000026   Data   RO         1016    .rodata.str1.1      gt_imgbtn.o
    0x0004ee63   0x0004ee63   0x00000025   Data   RO         1075    .rodata.str1.1      gt_label.o
    0x0004ee88   0x0004ee88   0x00000029   Data   RO         1116    .rodata.str1.1      gt_obj_class.o
    0x0004eeb1   0x0004eeb1   0x00000074   Data   RO         1136    .rodata.str1.1      gt_player.o
    0x0004ef25   0x0004ef25   0x00000100   Data   RO          715    .rodata.symbol_16x16_backspace  gt_symbol.o
    0x0004f025   0x0004f025   0x00000100   Data   RO          728    .rodata.symbol_16x16_close  gt_symbol.o
    0x0004f125   0x0004f125   0x00000100   Data   RO          725    .rodata.symbol_16x16_down  gt_symbol.o
    0x0004f225   0x0004f225   0x00000100   Data   RO          723    .rodata.symbol_16x16_keyboard  gt_symbol.o
    0x0004f325   0x0004f325   0x00000100   Data   RO          722    .rodata.symbol_16x16_left  gt_symbol.o
    0x0004f425   0x0004f425   0x00000100   Data   RO          714    .rodata.symbol_16x16_new_line  gt_symbol.o
    0x0004f525   0x0004f525   0x00000100   Data   RO          727    .rodata.symbol_16x16_ok  gt_symbol.o
    0x0004f625   0x0004f625   0x00000100   Data   RO          721    .rodata.symbol_16x16_right  gt_symbol.o
    0x0004f725   0x0004f725   0x00000100   Data   RO          726    .rodata.symbol_16x16_save  gt_symbol.o
    0x0004f825   0x0004f825   0x00000100   Data   RO          724    .rodata.symbol_16x16_up  gt_symbol.o
    0x0004f925   0x0004f925   0x00000240   Data   RO          746    .rodata.symbol_24x24_close  gt_symbol.o
    0x0004fb65   0x0004fb65   0x00000240   Data   RO          736    .rodata.symbol_backspace_24x24  gt_symbol.o
    0x0004fda5   0x0004fda5   0x00000100   Data   RO          717    .rodata.symbol_ch_16x16  gt_symbol.o
    0x0004fea5   0x0004fea5   0x00000240   Data   RO          738    .rodata.symbol_ch_24x24  gt_symbol.o
    0x000500e5   0x000500e5   0x00000100   Data   RO          716    .rodata.symbol_en_16x16  gt_symbol.o
    0x000501e5   0x000501e5   0x00000240   Data   RO          737    .rodata.symbol_en_24x24  gt_symbol.o
    0x00050425   0x00050425   0x00000240   Data   RO          744    .rodata.symbol_keyboard_24x24  gt_symbol.o
    0x00050665   0x00050665   0x00000240   Data   RO          743    .rodata.symbol_left_24x24  gt_symbol.o
    0x000508a5   0x000508a5   0x00000100   Data   RO          719    .rodata.symbol_lower_case_16x16  gt_symbol.o
    0x000509a5   0x000509a5   0x00000240   Data   RO          740    .rodata.symbol_lower_case_24x24  gt_symbol.o
    0x00050be5   0x00050be5   0x00000240   Data   RO          735    .rodata.symbol_new_line_24x24  gt_symbol.o
    0x00050e25   0x00050e25   0x00000240   Data   RO          745    .rodata.symbol_ok_24x24  gt_symbol.o
    0x00051065   0x00051065   0x00000240   Data   RO          742    .rodata.symbol_right_24x24  gt_symbol.o
    0x000512a5   0x000512a5   0x00000100   Data   RO          713    .rodata.symbol_space_16x16  gt_symbol.o
    0x000513a5   0x000513a5   0x00000240   Data   RO          734    .rodata.symbol_space_24x24  gt_symbol.o
    0x000515e5   0x000515e5   0x00000100   Data   RO          720    .rodata.symbol_upper_case_16x16  gt_symbol.o
    0x000516e5   0x000516e5   0x00000240   Data   RO          741    .rodata.symbol_upper_case_24x24  gt_symbol.o
    0x00051925   0x00051925   0x00000100   Data   RO          718    .rodata.symbol_well_number_16x16  gt_symbol.o
    0x00051a25   0x00051a25   0x00000240   Data   RO          739    .rodata.symbol_well_number_24x24  gt_symbol.o
    0x00051c65   0x00051c65   0x00000003   PAD
    0x00051c68   0x00051c68   0x000000c0   Data   RO          709    .rodata.symbols_16x16  gt_symbol.o
    0x00051d28   0x00051d28   0x000000a8   Data   RO          710    .rodata.symbols_24x24  gt_symbol.o
    0x00051dd0   0x00051dd0   0x00000474   Data   RO          397    .rodata.virt_file_sys  gt_port_vf.o
    0x00052244   0x00052244   0x00000100   Data   RO          729    .rodata.voice_play_16x16_left_1  gt_symbol.o
    0x00052344   0x00052344   0x00000100   Data   RO          730    .rodata.voice_play_16x16_left_2  gt_symbol.o
    0x00052444   0x00052444   0x00000100   Data   RO          712    .rodata.voice_play_16x16_left_3  gt_symbol.o
    0x00052544   0x00052544   0x00000100   Data   RO          731    .rodata.voice_play_16x16_right_1  gt_symbol.o
    0x00052644   0x00052644   0x00000100   Data   RO          732    .rodata.voice_play_16x16_right_2  gt_symbol.o
    0x00052744   0x00052744   0x00000100   Data   RO          733    .rodata.voice_play_16x16_right_3  gt_symbol.o
    0x00052844   0x00052844   0x00000240   Data   RO          747    .rodata.voice_play_24x24_left_1  gt_symbol.o
    0x00052a84   0x00052a84   0x00000240   Data   RO          748    .rodata.voice_play_24x24_left_2  gt_symbol.o
    0x00052cc4   0x00052cc4   0x00000240   Data   RO          749    .rodata.voice_play_24x24_left_3  gt_symbol.o
    0x00052f04   0x00052f04   0x00000240   Data   RO          750    .rodata.voice_play_24x24_right_1  gt_symbol.o
    0x00053144   0x00053144   0x00000240   Data   RO          751    .rodata.voice_play_24x24_right_2  gt_symbol.o
    0x00053384   0x00053384   0x00000240   Data   RO          752    .rodata.voice_play_24x24_right_3  gt_symbol.o
    0x000535c4   0x000535c4   0x00000020   Data   RO         1653    Region$$Table       anon$$obj.o


    Execution Region RW_IRAM1 (Exec base: 0x20000000, Load base: 0x000535e8, Size: 0x0000d1d0, Max: 0x00010000, ABSOLUTE)

    Exec Addr    Load Addr    Size         Type   Attr      Idx    E Section Name        Object

    0x20000000   0x000535e8   0x00000004   Data   RW         1621    .data               mc_w.l(stdout.o)
    0x20000004   0x000535ec   0x00000008   Data   RW          105    .data..L_MergedGlobals  system_swm341.o
    0x2000000c   0x000535f4   0x00000040   Data   RW         1275    .data.PADDING       gt_gui_driver.lib(gt_gui_driver.o)
    0x2000004c   0x00053634   0x00000004   Data   RW           13    .data._LCD_Buffer   bsp_lcd_rgb.o
    0x20000050   0x00053638   0x00000004   Data   RW          846    .data._focus_color  gt_color.o
    0x20000054   0x0005363c   0x0000003c   Data   RW          856    .data._gt_global_call  gt_gc.o
    0x20000090   0x00053678   0x00000004   Data   RW          496    .data._gt_indev_handler_keypad.last_key  gt_indev.o
    0x20000094   0x0005367c   0x00000001   Data   RW          814    .data._state        gt_hal_vf.o
    0x20000095   0x0005367d   0x00000003   PAD
    0x20000098        -       0x00000020   Zero   RW           43    .bss..L_MergedGlobals  bsp_uart.o
    0x200000b8        -       0x00000020   Zero   RW          381    .bss..L_MergedGlobals  gt_port_indev.o
    0x200000d8        -       0x00000010   Zero   RW          497    .bss..L_MergedGlobals  gt_indev.o
    0x200000e8        -       0x0000000c   Zero   RW          517    .bss..L_MergedGlobals  gt_mem.o
    0x200000f4        -       0x00000018   Zero   RW          784    .bss..L_MergedGlobals  gt_hal_indev.o
    0x2000010c        -       0x00000008   Zero   RW          804    .bss..L_MergedGlobals  gt_hal_tick.o
    0x20000114        -       0x00000008   Zero   RW          815    .bss..L_MergedGlobals  gt_hal_vf.o
    0x2000011c        -       0x00000010   Zero   RW          827    .bss..L_MergedGlobals  gt_anim.o
    0x2000012c        -       0x0000005c   Zero   RW         1253    .bss..L_MergedGlobals  gt_init_screen_home.o
    0x20000188        -       0x00000001   Zero   RW           84    .bss.Boot_Video_Flag  dev_touch.o
    0x20000189        -       0x00000001   Zero   RW         1271    .bss.GT_UID_MD5_FLAG  gt_gui_driver.lib(gt_gui_driver.o)
    0x2000018a   0x0005367d   0x00000002   PAD
    0x2000018c        -       0x00000004   Zero   RW           14    .bss.POINT_COLOR    bsp_lcd_rgb.o
    0x20000190        -       0x00000004   Zero   RW           74    .bss.Systick_Time   dev_systick.o
    0x20000194        -       0x00000016   Zero   RW           85    .bss.TP_Dev         dev_touch.o
    0x200001aa        -       0x00000001   Zero   RW          476    .bss._gt_init_done_flag  gt_handler.o
    0x200001ab        -       0x00000001   Zero   RW          697    .bss._gt_project_encoding  gt_font.o
    0x200001ac        -       0x00000001   Zero   RW          577    .bss._gt_timer_task_ready_flag  gt_timer.o
    0x200001ad   0x0005367d   0x00000003   PAD
    0x200001b0        -       0x0000c000   Zero   RW          516    .bss._mem_pool_int  gt_mem.o
    0x2000c1b0        -       0x00000004   Zero   RW          793    .bss._self          gt_hal_src.o
    0x2000c1b4        -       0x0000000c   Zero   RW          372    .bss.drv            gt_port_disp.o
    0x2000c1c0        -       0x00000004   Zero   RW          761    .bss.graph_buf_all  gt_hal_disp.o
    0x2000c1c4        -       0x00000001   Zero   RW         1273    .bss.gt_font_chinese_encoding  gt_gui_driver.lib(gt_gui_driver.o)
    0x2000c1c5   0x0005367d   0x00000003   PAD
    0x2000c1c8        -       0x00000004   Zero   RW          783    .bss.indev          gt_hal_indev.o
    0x2000c1cc        -       0x00000001   Zero   RW         1252    .bss.update_sreen_status  gt_init_screen_home.o
    0x2000c1cd   0x0005367d   0x00000003   PAD
    0x2000c1d0        -       0x00001000   Zero   RW          113    STACK               startup_swm341.o



  Load Region LR$$.bss.ARM.__at_0x80180000 (Base: 0x80180000, Size: 0x00000000, Max: 0x000bb800, ABSOLUTE)

    Execution Region ER$$.bss.ARM.__at_0x80180000 (Exec base: 0x80180000, Load base: 0x80180000, Size: 0x000bb800, Max: 0x000bb800, ABSOLUTE, UNINIT)

    Exec Addr    Load Addr    Size         Type   Attr      Idx    E Section Name        Object

    0x80180000        -       0x000bb800   Zero   RW          373    .bss.ARM.__at_0x80180000  gt_port_disp.o


==============================================================================

Image component sizes


      Code (inc. data)   RO Data    RW Data    ZI Data      Debug   Object Name

      1492          0          0          4          4       4339   bsp_lcd_rgb.o
      1488          0         32          0          0       5951   bsp_sfc.o
       686          0          0          0         32       3527   bsp_uart.o
       258          0          0          0          4       5519   dev_systick.o
       124          0          0          0         23       4379   dev_touch.o
      1584         20          0          0          0       5735   gt911.o
      2420         84         92          0         16      19512   gt_anim.o
       682          0          0          0          0       3997   gt_area.o
      1756         26         51          0          0      19230   gt_btn.o
       164          0          0          4          0       2017   gt_color.o
      2180         26         16          0          0      24545   gt_dialog.o
      5694        314        364          0          0      27946   gt_disp.o
     14884        124       1789          0          0      52561   gt_draw.o
      1952          0          0          0          0       8600   gt_draw_blend.o
      4158          0          0          0          0      15247   gt_draw_blend_with_rgb565.o
       792        104         68          0          0       8645   gt_event.o
        14          0          0          0          0        408   gt_extra.o
      9458        192       3591          0          1      36656   gt_font.o
       780         76          4          0          0       6871   gt_fs.o
        40          0          0         60          0       7919   gt_gc.o
       148          0          0          0          0       6196   gt_graph_base.o
      1828        188        107          0          4      12972   gt_hal_disp.o
       164        100          0          0          0       2357   gt_hal_fs.o
       248         40          0          0         28       9063   gt_hal_indev.o
       544         76         35          0          4       4963   gt_hal_src.o
       116          0          0          0          8       1250   gt_hal_tick.o
       792         76         34          1          8       5880   gt_hal_vf.o
        84          0          0          0          1        864   gt_handler.o
       766         76         51          0          0      11811   gt_img.o
       948         96         65          0          0       8615   gt_img_decoder.o
      1178         24         54          0          0      14117   gt_imgbtn.o
      3030         52         38          4         16      20838   gt_indev.o
      2526        148          0          0         93      10079   gt_init_screen_home.o
      2282          8         53          0          0      20076   gt_label.o
       468         84          0          0          0       6783   gt_layout.o
       382          0       1206          0          0       2823   gt_math.o
       356         16          0          0      49164       3910   gt_mem.o
      2500        152         32          0          0      18747   gt_obj.o
      1648          0         41          0          0      12561   gt_obj_class.o
       924          0          8          0          0      10551   gt_obj_pos.o
       486         84          0          0          0       9897   gt_obj_scroll.o
      2994        100        132          0          0      22026   gt_player.o
      1260         72         37          0          0       9373   gt_png.o
        70          0          0          0     768012       1585   gt_port_disp.o
        70          0          0          0         32       1831   gt_port_indev.o
        14          0         20          0          0       1044   gt_port_src.o
        30          0       2562          0          0       1026   gt_port_vf.o
       120         16         14          0          0       6859   gt_refr.o
      1660        184         44          0          0      13629   gt_scr_stack.o
      1758         20         47          0          0      11675   gt_sjpg.o
      1148          0         43          0          0       8110   gt_stack.o
      7124        918        200          0          0      25641   gt_style.o
       138          0      17032          0          0       3325   gt_symbol.o
      1328        272         34          0          1       5458   gt_timer.o
      3460         96        119          0          0      27130   gt_tlsf.o
        36          0          8          0          0       6028   gt_ui.o
       998          0         36          0          0       4625   gt_vector.o
     43938        238       7089          0          0     149428   lodepng.o
       668         24          5          0          0       6594   main.o
       216         10        424          0       4096       4440   startup_swm341.o
       158          0          0          0          0       2453   swm341_exti.o
       318          0          0          0          0       2057   swm341_flash.o
       664          0          0          0          0       6815   swm341_gpio.o
       778          0          0          0          0       8948   swm341_i2c.o
       796          0          0          0          0       9662   swm341_lcd.o
        74          0          0          0          0       1222   swm341_port.o
       648          4          0          0          0       5928   swm341_sdram.o
      1494          0          0          0          0       6851   swm341_sfc.o
      2912          8          0          0          0      14362   swm341_timr.o
       880         22          0          0          0       9584   swm341_uart.o
       160          0          0          0          0       5829   swm341_wdt.o
      4342         16          0          8          0      10032   system_swm341.o
     12854         62       1216          0          0      30210   tjpgd.o

    ----------------------------------------------------------------------
    165192       4248      36836         84     821553     881737   Object Totals
         0          0         32          0          0          0   (incl. Generated)
        60          0         11          3          6          0   (incl. Padding)

    ----------------------------------------------------------------------

      Code (inc. data)   RO Data    RW Data    ZI Data      Debug   Library Member Name

      3346          0        572         64          2       9071   gt_gui_driver.o
         0          0          0          0          0          0   entry.o
         0          0          0          0          0          0   entry10a.o
         0          0          0          0          0          0   entry11a.o
         8          4          0          0          0          0   entry2.o
         4          0          0          0          0          0   entry5.o
         0          0          0          0          0          0   entry7b.o
         0          0          0          0          0          0   entry8b.o
         8          4          0          0          0          0   entry9a.o
        30          0          0          0          0          0   handlers.o
        36          8          0          0          0         68   init.o
         0          0          0          0          0          0   iusefp.o
        30          0          0          0          0         68   llshl.o
        36          0          0          0          0         68   llsshr.o
        32          0          0          0          0         68   llushr.o
        26          0          0          0          0         80   memcmp.o
        64          0          0          0          0         76   memmovea.o
        36          0          0          0          0        108   memseta.o
      2332         96          0          0          0        600   printfa.o
        36          6          0          0          0         80   puts.o
         0          0          0          4          0          0   stdout.o
        28          0          0          0          0         76   strcmp.o
        18          0          0          0          0         68   strcpy.o
        14          0          0          0          0         68   strlen.o
        12          0          0          0          0         68   tolower.o
        44          0          0          0          0         80   uidiv.o
        98          0          0          0          0         92   uldiv.o
        48          0          0          0          0         68   cdrcmple.o
        56          0          0          0          0         88   d2f.o
       334          0          0          0          0        148   dadd.o
       222          0          0          0          0        100   ddiv.o
       186          0          0          0          0        176   depilogue.o
        48          0          0          0          0         68   dfixul.o
        34          0          0          0          0         76   dflti.o
        26          0          0          0          0         76   dfltui.o
       228          0          0          0          0         96   dmul.o
        38          0          0          0          0         68   f2d.o
       124          0          0          0          0         88   fdiv.o
       110          0          0          0          0        168   fepilogue.o
        10          0          0          0          0         68   ffltui.o
       100          0          0          0          0         76   fmul.o

    ----------------------------------------------------------------------
      7804        118        572         68          7      12103   Library Totals
         2          0          0          0          5          0   (incl. Padding)

    ----------------------------------------------------------------------

      Code (inc. data)   RO Data    RW Data    ZI Data      Debug   Library Name

      3346          0        572         64          2       9071   gt_gui_driver.lib
      2892        118          0          4          0       1668   mc_w.l
      1564          0          0          0          0       1364   mf_w.l

    ----------------------------------------------------------------------
      7804        118        572         68          7      12103   Library Totals

    ----------------------------------------------------------------------

==============================================================================


      Code (inc. data)   RO Data    RW Data    ZI Data      Debug   

    172996       4366      37408        152     821560     891176   Grand Totals
    172996       4366      37408        152     821560     891176   ELF Image Totals
    172996       4366      37408        152          0          0   ROM Totals

==============================================================================

    Total RO  Size (Code + RO Data)               210404 ( 205.47kB)
    Total RW  Size (RW Data + ZI Data)            821712 ( 802.45kB)
    Total ROM Size (Code + RO Data + RW Data)     210556 ( 205.62kB)

==============================================================================

